// Jest Snapshot v1, https://goo.gl/fbAQLP

exports[`ApiDocs renders ApiDocsMain and take a snapshop 1`] = `
<DocumentFragment>
  .c7 {
  display: flex;
  align-items: center;
  padding: 0.8rem 1rem 0.8rem 1rem!important;
  cursor: pointer;
  color: #181818;
}

.c7:hover {
  background: #fff!important;
}

.c7:hover .cds--side-nav__link-text {
  color: #181818!important;
  font-weight: normal;
}

.c7 >span.cds--side-nav__link-text {
  color: #fff;
  font-weight: normal;
}

.c7 >.cds--side-nav__icon {
  margin-right: 0.7rem;
}

.c7 .cds--side-nav__icon svg {
  fill: #fff;
}

.c7:hover .cds--side-nav__icon svg {
  fill: #181818;
}

.c8 .cds--contained-list-item__content:not(:disabled):hover {
  color: #181818;
  background: #fff;
}

.c8 .cds--contained-list-item__content {
  display: flex;
  align-items: center;
  padding: 0.8rem 1rem 0.8rem 1rem!important;
  cursor: pointer;
}

.c8 >.cds--contained-list-item__icon,
.c8 >.cds--side-nav__icon {
  margin-right: 0.7rem;
}

.c8 >.cds--contained-list-item__content,
.c8 >.cds--side-nav__link {
  color: #fff;
  font-family: Open Sans;
  font-size: 0.875rem;
  font-style: normal;
  font-weight: 400;
  line-height: 1.125rem;
}

.c6 {
  background: #181818;
  height: calc(100% - 3rem);
  top: 3rem;
  width: 100%;
  position: absolute;
  z-index: 6;
}

.c6 .cds--contained-list-item:not(:last-of-type)::before {
  background-color: #181818!important;
}

.c10 {
  position: fixed;
  bottom: 0;
  padding: 1rem;
  display: flex;
  align-items: center;
}

.c10 .link {
  font-size: 0.75rem;
  margin-left: 0.75rem;
  text-transform: none;
}

.c10 a {
  margin-left: .5rem;
}

.c10 p {
  font-size: 0.75rem;
  color: #fff;
}

.c10 svg {
  fill: #fff;
}

.c4 {
  display: flex;
  justify-content: flex-start;
  align-items: center;
  width: 100%;
}

.c4 .cds--tooltip-content {
  background: #fff!important;
  color: #181818!important;
}

.c4 .cds--popover-caret {
  background: #fff;
}

.c5 {
  display: flex;
  color: #fff;
  font-size: 1rem;
  font-weight: bolder;
}

.c5 img {
  height: 1rem;
  width: 4.75rem;
  margin-top: 0.3125rem;
}

.c3 {
  display: flex;
  align-items: center;
  justify-content: space-between;
  width: 100%;
}

.c3 svg {
  fill: #fff!important;
}

.c11 {
  display: flex;
  align-items: center;
}

.c9 {
  bottom: 0;
  left: 0;
  width: 100%;
  padding: 0.5rem 1rem;
}

.c9 .cds--list-box__field {
  background: #333333;
}

.c9 .cds--list-box__label {
  color: #c0c0c0;
}

.c9 .cds--list-box__menu-icon svg {
  fill: #fff;
}

.c9 .cds--list-box__label {
  color: #f5f5f5;
}

.c9 .cds--label {
  color: #c0c0c0;
}

.c9 .cds--list-box__menu {
  background: #333333;
}

.c9 .cds--list-box__menu-item__option {
  color: #c0c0c0;
}

.c9 .cds--list-box__menu-item--active .cds--list-box__menu-item__option {
  color: #222;
}

.c1 {
  width: 17rem;
  position: relative;
  box-shadow: 0px 2px 3px 0px rgba(0,0,0,0.15);
  background: #181818;
  color: #fff;
}

.c2 {
  padding-left: 0.5rem;
}

.c0 {
  width: 100%;
  display: flex;
  flex-direction: row;
}

.c12 {
  width: calc(100vw - 17rem);
  padding-bottom: 0.3rem;
}

@media (max-width:768px) {
  .c6 {
    position: fixed;
  }
}

@media (max-width:768px) {
  .c3 {
    position: fixed;
    top: 0;
    background: #181818;
    padding: 0 0.5rem;
  }
}

<div
    class="c0"
  >
    <div
      class="c1"
    >
      <div
        class="c2"
      >
        <div
          class="c3"
        >
          <div
            class="c4"
          >
            <span
              class="cds--popover-container cds--popover--caret cds--popover--high-contrast cds--popover--bottom cds--tooltip cds--icon-tooltip"
            >
              <div
                class="cds--tooltip-trigger__wrapper"
              >
                <button
                  aria-labelledby="tooltip-:r0:"
                  class="cds--btn--icon-only sidebar-menuIcon cds--btn cds--layout--size-lg cds--btn--ghost"
                  type="button"
                >
                  <svg
                    aria-hidden="true"
                    fill="currentColor"
                    focusable="false"
                    height="20"
                    preserveAspectRatio="xMidYMid meet"
                    viewBox="0 0 32 32"
                    width="20"
                    xmlns="http://www.w3.org/2000/svg"
                  >
                    <path
                      d="M17.4141 16L24 9.4141 22.5859 8 16 14.5859 9.4143 8 8 9.4141 14.5859 16 8 22.5859 9.4143 24 16 17.4141 22.5859 24 24 22.5859 17.4141 16z"
                    />
                  </svg>
                </button>
              </div>
              <span
                aria-hidden="true"
                class="cds--popover"
                id="tooltip-:r0:"
                role="tooltip"
              >
                <span
                  class="cds--popover-content cds--tooltip-content"
                >
                  Close
                </span>
                <span
                  class="cds--popover-caret"
                />
              </span>
            </span>
            <a
              class="c5"
              href="/map"
              target="_blank"
            >
              <img
                alt="Giga logo"
                src=""
              />
            </a>
          </div>
        </div>
      </div>
      <div
        class="c6"
      >
        <ul
          class="cds--side-nav__items"
        >
          <li
            class="cds--side-nav__item"
          >
            <a
              class="cds--side-nav__link c7"
              href="/docs/explore-api"
              tabindex="0"
              target="_blank"
            >
              <div
                class="cds--side-nav__icon cds--side-nav__icon--small"
              >
                <svg
                  aria-hidden="true"
                  fill="currentColor"
                  focusable="false"
                  height="16"
                  preserveAspectRatio="xMidYMid meet"
                  viewBox="0 0 32 32"
                  width="16"
                  xmlns="http://www.w3.org/2000/svg"
                >
                  <path
                    d="M26,22a3.86,3.86,0,0,0-2,.57l-3.09-3.1a6,6,0,0,0,0-6.94L24,9.43A3.86,3.86,0,0,0,26,10a4,4,0,1,0-4-4,3.86,3.86,0,0,0,.57,2l-3.1,3.09a6,6,0,0,0-6.94,0L9.43,8A3.86,3.86,0,0,0,10,6a4,4,0,1,0-4,4,3.86,3.86,0,0,0,2-.57l3.09,3.1a6,6,0,0,0,0,6.94L8,22.57A3.86,3.86,0,0,0,6,22a4,4,0,1,0,4,4,3.86,3.86,0,0,0-.57-2l3.1-3.09a6,6,0,0,0,6.94,0L22.57,24A3.86,3.86,0,0,0,22,26a4,4,0,1,0,4-4ZM26,4a2,2,0,1,1-2,2A2,2,0,0,1,26,4ZM4,6A2,2,0,1,1,6,8,2,2,0,0,1,4,6ZM6,28a2,2,0,1,1,2-2A2,2,0,0,1,6,28Zm10-8a4,4,0,1,1,4-4A4,4,0,0,1,16,20Zm10,8a2,2,0,1,1,2-2A2,2,0,0,1,26,28Z"
                  />
                </svg>
              </div>
              <span
                class="cds--side-nav__link-text"
              >
                APIâ€™s and Download
              </span>
            </a>
          </li>
          <li
            class="cds--side-nav__item"
          >
            <a
              class="cds--side-nav__link c7"
              href="/about"
              tabindex="0"
              target="_blank"
            >
              <div
                class="cds--side-nav__icon cds--side-nav__icon--small"
              >
                <svg
                  aria-hidden="true"
                  fill="currentColor"
                  focusable="false"
                  height="16"
                  preserveAspectRatio="xMidYMid meet"
                  viewBox="0 0 32 32"
                  width="16"
                  xmlns="http://www.w3.org/2000/svg"
                >
                  <path
                    d="M17 22L17 14 13 14 13 16 15 16 15 22 12 22 12 24 20 24 20 22 17 22zM16 8a1.5 1.5 0 101.5 1.5A1.5 1.5 0 0016 8z"
                  />
                  <path
                    d="M26,28H6a2.0023,2.0023,0,0,1-2-2V6A2.0023,2.0023,0,0,1,6,4H26a2.0023,2.0023,0,0,1,2,2V26A2.0023,2.0023,0,0,1,26,28ZM6,6V26H26V6Z"
                  />
                </svg>
              </div>
              <span
                class="cds--side-nav__link-text"
              >
                About Giga maps
              </span>
            </a>
          </li>
          <li
            class="cds--contained-list-item c8 cds--contained-list-item--clickable cds--contained-list-item--with-icon"
          >
            <button
              class="cds--contained-list-item__content"
              type="button"
            >
              <div
                class="cds--contained-list-item__icon"
              >
                <svg
                  aria-hidden="true"
                  fill="currentColor"
                  focusable="false"
                  height="16"
                  preserveAspectRatio="xMidYMid meet"
                  viewBox="0 0 32 32"
                  width="16"
                  xmlns="http://www.w3.org/2000/svg"
                >
                  <path
                    d="M28,12H4a2.0023,2.0023,0,0,0-2,2V28a2.002,2.002,0,0,0,2,2H28a2.0023,2.0023,0,0,0,2-2V14A2.0027,2.0027,0,0,0,28,12ZM20,28H12V27a1.0009,1.0009,0,0,1,1-1h6a1.0009,1.0009,0,0,1,1,1Zm8,0H22V27a3.0033,3.0033,0,0,0-3-3H13a3.0033,3.0033,0,0,0-3,3v1H4V14H28.002Z"
                  />
                  <path
                    d="M16 23a4 4 0 114-4A4.0042 4.0042 0 0116 23zm0-6a2 2 0 102 2A2.0023 2.0023 0 0016 17zM30 4V8a2.0027 2.0027 0 01-2 2H24a2.0027 2.0027 0 01-2-2V4a2.0027 2.0027 0 012-2h4A2.0027 2.0027 0 0130 4zM28 8l.002-4H24V8zM20 4V8a2.0027 2.0027 0 01-2 2H14a2.0023 2.0023 0 01-2-2V4a2.0023 2.0023 0 012-2h4A2.0027 2.0027 0 0120 4zM18 8l.002-4H14V8zM10 4V8a2.0023 2.0023 0 01-2 2H4A2.0023 2.0023 0 012 8V4A2.0023 2.0023 0 014 2H8A2.0023 2.0023 0 0110 4zM8 8l.0015-4H4V8z"
                  />
                </svg>
              </div>
              <div>
                Tour
              </div>
            </button>
          </li>
        </ul>
        <div
          class="cds--dropdown__wrapper cds--list-box__wrapper c9"
        >
          <div
            class="cds--dropdown cds--list-box"
            id="language"
          >
            <button
              aria-activedescendant=""
              aria-controls="downshift-:r2:-menu"
              aria-expanded="false"
              aria-haspopup="listbox"
              aria-labelledby="downshift-:r2:-label"
              class="cds--list-box__field"
              id="downshift-:r2:-toggle-button"
              role="combobox"
              tabindex="0"
              title="English"
              type="button"
            >
              <span
                class="cds--list-box__label"
              >
                English
              </span>
              <div
                class="cds--list-box__menu-icon"
              >
                <svg
                  aria-label="Open menu"
                  fill="currentColor"
                  focusable="false"
                  height="16"
                  name="chevron--down"
                  preserveAspectRatio="xMidYMid meet"
                  role="img"
                  viewBox="0 0 16 16"
                  width="16"
                  xmlns="http://www.w3.org/2000/svg"
                >
                  <path
                    d="M8 11L3 6 3.7 5.3 8 9.6 12.3 5.3 13 6z"
                  />
                  <title>
                    Open menu
                  </title>
                </svg>
              </div>
            </button>
            <ul
              aria-labelledby="downshift-:r2:-label"
              class="cds--list-box__menu"
              id="downshift-:r2:-menu"
              role="listbox"
            />
          </div>
        </div>
        <div
          class="c10"
        >
          <div
            class="c11"
          >
            <p>
              Â© 2025  
              <a
                class="giga-logo"
                href="https://www.unicef.org/innovation/giga"
                rel="noreferrer"
                target="_blank"
              >
                Giga
              </a>
            </p>
            <a
              href="https://www.unicef.org/"
              rel="noreferrer"
              style="margin-top: 0.1rem;"
              target="_blank"
            >
              SvgUrl
            </a>
            <a
              href="https://www.itu.int/en/Pages/default.aspx"
              rel="noreferrer"
              target="_blank"
            >
              SvgUrl
            </a>
          </div>
        </div>
      </div>
    </div>
    <div
      class="scrollbar-container c12 ps"
    >
      <div
        class="ps__rail-x"
        style="left: 0px; top: 0px;"
      >
        <div
          class="ps__thumb-x"
          style="left: 0px; width: 0px;"
          tabindex="0"
        />
      </div>
      <div
        class="ps__rail-y"
        style="top: 0px; left: 0px;"
      >
        <div
          class="ps__thumb-y"
          style="top: 0px; height: 0px;"
          tabindex="0"
        />
      </div>
    </div>
  </div>
  .c0 >.cds--modal-container {
  background: #383838;
  width: 38rem;
  height: auto;
  background: #fff;
}

.c0 >.cds--modal-container button svg {
  fill: #222!important;
}

.c0 >.cds--modal-container .cds--modal-close:hover {
  background-color: transparent!important;
}

.c1 >h3 {
  color: var(--text-text-primary, #161616);
  font-family: Open Sans;
  font-size: 1.25rem;
  font-style: normal;
  font-weight: 500;
  line-height: 1.75rem;
}

.c1 button svg {
  fill: #fff;
}

.c1 .giga-text {
  display: flex;
  color: #fff;
  font-size: 2.4rem;
  font-weight: bolder;
}

.c1 .giga-text span:first-child {
  font-weight: 100;
}

.c1 .cds--modal-close:hover {
  background-color: #181818;
}

.c2 {
  margin-bottom: 1.5rem;
}

.c2 .field-wrapper span {
  color: #fff;
  font-size: 0.875rem;
  font-weight: 400;
  line-height: 1.25rem;
}

.c2 .field-wrapper input {
  background: #474747;
  color: #fff;
  border: none;
}

.c2 .share-icons-container span {
  color: #fff;
}

.c2 .share-icons-container .social-share-icons svg {
  fill: #fff;
}

.c6 {
  height: 3rem;
}

.c6 button {
  height: 2.75rem!important;
  flex: 1!important;
  box-shadow: none!important;
}

.c3 {
  color: var(--primary-black-80-giga-dark-grey);
  font-size: 0.875rem;
  font-style: normal;
  font-weight: 400;
  line-height: 1.25rem;
  letter-spacing: 0.01rem;
}

.c4 {
  margin-top: 1.5rem;
}

.c4 >.explore-api-text {
  color: var(--text-text-secondary,#525252);
  font-size: 0.75rem;
  font-style: normLorem ipsum dolor sit lorem a amet,consectetur adipiscing elital;
  font-weight: 400;
  line-height: 1rem;
  letter-spacing: 0.02rem;
}

.c4 >.explore-text-input {
  margin-top: 0.5rem;
}

.c5 {
  margin-top: 0.75rem;
  display: flex;
  flex-direction: row;
  align-items: center;
}

.c5 >p {
  color: var(--text-text-primary,#161616);
  font-family: Open Sans;
  font-size: 0.875rem;
  font-style: normal;
  font-weight: 400;
  line-height: 1.25rem;
  letter-spacing: 0.01rem;
}

.c5 >button {
  margin-left: 0.5rem;
}

@media (max-width:768px) {

}

@media (max-width:768px) {

}

<div
    aria-hidden="true"
    class="cds--modal c0"
    role="presentation"
  >
    <div
      aria-modal="true"
      class="cds--modal-container"
      role="dialog"
    >
      <button
        class="cds--visually-hidden"
        type="button"
      >
        Focus sentinel
      </button>
      <div
        class="cds--modal-container-body"
      >
        <form
          class="cds--form"
        >
          <div
            class="cds--modal-header c1"
          >
            <h3
              class="cds--modal-header__heading cds--type-beta"
            >
              Enter API Key
            </h3>
            <button
              aria-label="Close"
              class="cds--modal-close"
              title="Close"
              type="button"
            >
              <svg
                aria-hidden="true"
                class="cds--modal-close__icon"
                fill="currentColor"
                focusable="false"
                height="20"
                preserveAspectRatio="xMidYMid meet"
                viewBox="0 0 32 32"
                width="20"
                xmlns="http://www.w3.org/2000/svg"
              >
                <path
                  d="M17.4141 16L24 9.4141 22.5859 8 16 14.5859 9.4143 8 8 9.4141 14.5859 16 8 22.5859 9.4143 24 16 17.4141 22.5859 24 24 22.5859 17.4141 16z"
                />
              </svg>
            </button>
          </div>
          <div
            class="cds--modal-content c2"
          >
            <p
              class="c3"
            >
              Enter API key to view documentation for  API
            </p>
            <div
              class="c4"
            >
              <div
                class="explore-api-text"
              >
                api_key
              </div>
              <div
                class="explore-text-input"
              >
                <div
                  class="cds--form-item cds--text-input-wrapper"
                >
                  <div
                    class="cds--text-input__label-wrapper"
                  />
                  <div
                    class="cds--text-input__field-outer-wrapper"
                  >
                    <div
                      class="cds--text-input__field-wrapper"
                    >
                      <input
                        class="cds--text-input"
                        id="text-input-explore-api"
                        placeholder="Enter the api_key value"
                        required=""
                        title="Enter the api_key value"
                        type="text"
                        value=""
                      />
                      <span
                        class="cds--text-input__counter-alert"
                        role="alert"
                      />
                    </div>
                  </div>
                </div>
              </div>
            </div>
            <div
              class="c5"
            >
              <p>
                Donâ€™t have one? 
              </p>
              <button
                class="cds--btn cds--btn--ghost"
                type="button"
              >
                Request API Key
              </button>
            </div>
          </div>
          <div
            class="cds--modal-footer c6 cds--btn-set"
          >
            <button
              class="cds--btn cds--btn--secondary"
              type="button"
            >
              Cancel
            </button>
            <button
              class="cds--btn cds--btn--primary"
              type="submit"
            >
              Submit
            </button>
          </div>
        </form>
      </div>
      <button
        class="cds--visually-hidden"
        type="button"
      >
        Focus sentinel
      </button>
    </div>
  </div>
  .c0 >.cds--modal-container {
  background: #383838;
  width: 38rem;
  height: auto;
  background: #fff;
}

.c0 >.cds--modal-container button svg {
  fill: #222!important;
}

.c0 >.cds--modal-container .cds--modal-close:hover {
  background-color: transparent!important;
}

.c1 >h3 {
  color: var(--text-text-primary, #161616);
  font-family: Open Sans;
  font-size: 1.25rem;
  font-style: normal;
  font-weight: 500;
  line-height: 1.75rem;
}

.c1 button svg {
  fill: #fff;
}

.c1 .giga-text {
  display: flex;
  color: #fff;
  font-size: 2.4rem;
  font-weight: bolder;
}

.c1 .giga-text span:first-child {
  font-weight: 100;
}

.c1 .cds--modal-close:hover {
  background-color: #181818;
}

.c2 {
  height: 3rem;
}

.c2 button {
  height: 2.75rem!important;
  flex: 1!important;
  box-shadow: none!important;
}

@media (max-width:768px) {

}

@media (max-width:768px) {

}

<div
    aria-hidden="true"
    class="cds--modal c0"
    role="presentation"
  >
    <div
      aria-modal="true"
      class="cds--modal-container"
      role="dialog"
    >
      <button
        class="cds--visually-hidden"
        type="button"
      >
        Focus sentinel
      </button>
      <div
        class="cds--modal-container-body"
      >
        <form
          class="cds--form"
        >
          <div
            class="cds--modal-header c1"
          >
            <h3
              class="cds--modal-header__heading cds--type-beta"
            >
              Download - undefined data
            </h3>
            <button
              aria-label="Close"
              class="cds--modal-close"
              title="Close"
              type="button"
            >
              <svg
                aria-hidden="true"
                class="cds--modal-close__icon"
                fill="currentColor"
                focusable="false"
                height="20"
                preserveAspectRatio="xMidYMid meet"
                viewBox="0 0 32 32"
                width="20"
                xmlns="http://www.w3.org/2000/svg"
              >
                <path
                  d="M17.4141 16L24 9.4141 22.5859 8 16 14.5859 9.4143 8 8 9.4141 14.5859 16 8 22.5859 9.4143 24 16 17.4141 22.5859 24 24 22.5859 17.4141 16z"
                />
              </svg>
            </button>
          </div>
          <div
            class="cds--modal-footer c2 cds--btn-set"
          >
            <button
              class="cds--btn cds--btn--secondary"
              type="button"
            >
              Cancel
            </button>
            <button
              class="cds--btn cds--btn--primary"
              type="submit"
            >
              Submit
            </button>
          </div>
        </form>
      </div>
      <button
        class="cds--visually-hidden"
        type="button"
      >
        Focus sentinel
      </button>
    </div>
  </div>
  .c0 >.cds--modal-container {
  background: #383838;
  width: 38rem;
  height: auto;
  background: #fff;
}

.c0 >.cds--modal-container button svg {
  fill: #222!important;
}

.c0 >.cds--modal-container .cds--modal-close:hover {
  background-color: transparent!important;
}

.c1 button svg {
  fill: #fff;
}

.c1 .giga-text {
  display: flex;
  color: #fff;
  font-size: 2.4rem;
  font-weight: bolder;
}

.c1 .giga-text span:first-child {
  font-weight: 100;
}

.c1 .cds--modal-close:hover {
  background-color: #181818;
}

.c2 {
  margin-bottom: 1.5rem;
}

.c2 .field-wrapper span {
  color: #fff;
  font-size: 0.875rem;
  font-weight: 400;
  line-height: 1.25rem;
}

.c2 .field-wrapper input {
  background: #474747;
  color: #fff;
  border: none;
}

.c2 .share-icons-container span {
  color: #fff;
}

.c2 .share-icons-container .social-share-icons svg {
  fill: #fff;
}

.c5 {
  height: 3rem;
}

.c5 button {
  height: 2.75rem!important;
  flex: 1!important;
  box-shadow: none!important;
}

.c4 >h3 {
  color: var(--text-text-primary,#161616);
  text-align: center;
  font-family: Open Sans;
  font-size: 1rem;
  font-style: normal;
  font-weight: 500;
  line-height: 1.375rem;
  margin-top: 1rem;
}

.c4 >p {
  color: var(--text-text-secondary,#474747);
  text-align: center;
  font-family: Open Sans;
  font-size: 0.875rem;
  font-style: normal;
  font-weight: 400;
  line-height: 1.125rem;
  margin-top: 0.5rem;
}

.c3 {
  display: flex;
  justify-content: center;
}

.c3 span {
  position: relative;
}

.c3 .cloud-protect-icon {
  color: #595959;
}

.c3 .check-mark-icon {
  color: #46C66D;
}

.c3 svg:nth-child(2) {
  position: absolute;
  top: 1.2rem;
  left: 1.2rem;
}

@media (max-width:768px) {

}

@media (max-width:768px) {

}

<div
    aria-hidden="true"
    class="cds--modal c0"
    role="presentation"
  >
    <div
      aria-modal="true"
      class="cds--modal-container"
      role="dialog"
    >
      <button
        class="cds--visually-hidden"
        type="button"
      >
        Focus sentinel
      </button>
      <div
        class="cds--modal-container-body"
      >
        <div
          class="cds--modal-header c1"
        >
          <button
            aria-label="Close"
            class="cds--modal-close"
            title="Close"
            type="button"
          >
            <svg
              aria-hidden="true"
              class="cds--modal-close__icon"
              fill="currentColor"
              focusable="false"
              height="20"
              preserveAspectRatio="xMidYMid meet"
              viewBox="0 0 32 32"
              width="20"
              xmlns="http://www.w3.org/2000/svg"
            >
              <path
                d="M17.4141 16L24 9.4141 22.5859 8 16 14.5859 9.4143 8 8 9.4141 14.5859 16 8 22.5859 9.4143 24 16 17.4141 22.5859 24 24 22.5859 17.4141 16z"
              />
            </svg>
          </button>
        </div>
        <div
          class="cds--modal-content c2"
        >
          <div
            class="c3"
          >
            <span>
              <svg
                aria-hidden="true"
                class="cloud-protect-icon"
                fill="currentColor"
                focusable="false"
                height="64"
                preserveAspectRatio="xMidYMid meet"
                viewBox="0 0 32 32"
                width="64"
                xmlns="http://www.w3.org/2000/svg"
              >
                <path
                  d="M26,14.1V2h-5v2h3v2h-3v2h3v6.1c-1.7,0.4-3,2-3,3.9c0,2.2,1.8,4,4,4s4-1.8,4-4C29,16.1,27.7,14.6,26,14.1z M25,20 c-1.1,0-2-0.9-2-2c0-1.1,0.9-2,2-2s2,0.9,2,2C27,19.1,26.1,20,25,20z"
                />
                <path
                  d="M15,31l-5.5-3.2c-3.4-2-5.5-5.6-5.5-9.5V4c0-1.1,0.9-2,2-2h12v2H6v14.3c0,3.2,1.7,6.2,4.5,7.8l4.5,2.7l4.5-2.7 c1.1-0.7,2.1-1.5,2.8-2.6l1.6,1.1c-0.9,1.3-2.1,2.4-3.5,3.2L15,31z"
                />
              </svg>
              <svg
                aria-hidden="true"
                class="check-mark-icon"
                fill="currentColor"
                focusable="false"
                height="20"
                preserveAspectRatio="xMidYMid meet"
                viewBox="0 0 20 20"
                width="20"
                xmlns="http://www.w3.org/2000/svg"
              >
                <path
                  d="M10,1c-4.9,0-9,4.1-9,9s4.1,9,9,9s9-4,9-9S15,1,10,1z M8.7,13.5l-3.2-3.2l1-1l2.2,2.2l4.8-4.8l1,1L8.7,13.5z"
                />
                <path
                  d="M8.7,13.5l-3.2-3.2l1-1l2.2,2.2l4.8-4.8l1,1L8.7,13.5z"
                  data-icon-path="inner-path"
                  fill="none"
                  opacity="0"
                />
              </svg>
            </span>
          </div>
          <div
            class="c4"
          >
            <h3>
              API key requested.
            </h3>
            <p>
              API key request has been sent for approval.
            </p>
          </div>
        </div>
        <div
          class="cds--modal-footer c5 cds--btn-set"
        >
          <button
            class="cds--btn cds--btn--primary"
            type="button"
          >
            Go to API keys home
          </button>
        </div>
      </div>
      <button
        class="cds--visually-hidden"
        type="button"
      >
        Focus sentinel
      </button>
    </div>
  </div>
  .c0 >.cds--modal-container {
  background: #383838;
  width: 38rem;
  height: auto;
  background: #fff;
}

.c0 >.cds--modal-container button svg {
  fill: #222!important;
}

.c0 >.cds--modal-container .cds--modal-close:hover {
  background-color: transparent!important;
}

.c1 >h3 {
  color: var(--text-text-primary, #161616);
  font-family: Open Sans;
  font-size: 1.25rem;
  font-style: normal;
  font-weight: 500;
  line-height: 1.75rem;
}

.c1 button svg {
  fill: #fff;
}

.c1 .giga-text {
  display: flex;
  color: #fff;
  font-size: 2.4rem;
  font-weight: bolder;
}

.c1 .giga-text span:first-child {
  font-weight: 100;
}

.c1 .cds--modal-close:hover {
  background-color: #181818;
}

.c2 {
  margin-bottom: 1.5rem;
}

.c2 .field-wrapper span {
  color: #fff;
  font-size: 0.875rem;
  font-weight: 400;
  line-height: 1.25rem;
}

.c2 .field-wrapper input {
  background: #474747;
  color: #fff;
  border: none;
}

.c2 .share-icons-container span {
  color: #fff;
}

.c2 .share-icons-container .social-share-icons svg {
  fill: #fff;
}

.c5 {
  height: 3rem;
}

.c5 button {
  height: 2.75rem!important;
  flex: 1!important;
  box-shadow: none!important;
}

.c3 {
  color: var(--primary-black-80-giga-dark-grey);
  font-size: 0.875rem;
  font-style: normal;
  font-weight: 400;
  line-height: 1.25rem;
  letter-spacing: 0.01rem;
}

.c4 {
  margin-top: 1.5rem;
}

@media (max-width:768px) {

}

@media (max-width:768px) {

}

<div
    aria-hidden="true"
    class="cds--modal c0"
    role="presentation"
  >
    <div
      aria-modal="true"
      class="cds--modal-container"
      role="dialog"
    >
      <button
        class="cds--visually-hidden"
        type="button"
      >
        Focus sentinel
      </button>
      <div
        class="cds--modal-container-body"
      >
        <form
          class="cds--form"
        >
          <div
            class="cds--modal-header c1"
          >
            <h3
              class="cds--modal-header__heading cds--type-beta"
            >
              Extension Request
            </h3>
            <button
              aria-label="Close"
              class="cds--modal-close"
              title="Close"
              type="button"
            >
              <svg
                aria-hidden="true"
                class="cds--modal-close__icon"
                fill="currentColor"
                focusable="false"
                height="20"
                preserveAspectRatio="xMidYMid meet"
                viewBox="0 0 32 32"
                width="20"
                xmlns="http://www.w3.org/2000/svg"
              >
                <path
                  d="M17.4141 16L24 9.4141 22.5859 8 16 14.5859 9.4143 8 8 9.4141 14.5859 16 8 22.5859 9.4143 24 16 17.4141 22.5859 24 24 22.5859 17.4141 16z"
                />
              </svg>
            </button>
          </div>
          <div
            class="cds--modal-content c2"
          >
            <p
              class="c3"
            >
              Please submit your API key extension request by selecting your desired date, and await email confirmation upon approval.
            </p>
            <div
              class="c4"
            >
              <div
                class="cds--form-item"
              >
                <div
                  class="cds--date-picker cds--date-picker--single"
                >
                  <div
                    class="cds--date-picker-container"
                  >
                    <label
                      class="cds--label"
                      for="date-picker-extension-date"
                    >
                      Extension Date
                    </label>
                    <div
                      class="cds--date-picker-input__wrapper"
                    >
                      <input
                        autocomplete="off"
                        class="cds--date-picker__input cds--date-picker__input--md flatpickr-input"
                        id="date-picker-extension-date"
                        pattern="\\d{1,2}\\/\\d{1,2}\\/\\d{4}"
                        placeholder="dd/mm/yyyy"
                        required=""
                        type="text"
                      />
                      <svg
                        aria-hidden="true"
                        class="cds--date-picker__icon"
                        fill="currentColor"
                        focusable="false"
                        height="16"
                        preserveAspectRatio="xMidYMid meet"
                        role="img"
                        viewBox="0 0 32 32"
                        width="16"
                        xmlns="http://www.w3.org/2000/svg"
                      >
                        <path
                          d="M26,4h-4V2h-2v2h-8V2h-2v2H6C4.9,4,4,4.9,4,6v20c0,1.1,0.9,2,2,2h20c1.1,0,2-0.9,2-2V6C28,4.9,27.1,4,26,4z M26,26H6V12h20 V26z M26,10H6V6h4v2h2V6h8v2h2V6h4V10z"
                        />
                      </svg>
                    </div>
                  </div>
                </div>
              </div>
            </div>
          </div>
          <div
            class="cds--modal-footer c5 cds--btn-set"
          >
            <button
              class="cds--btn cds--btn--secondary"
              type="button"
            >
              Cancel
            </button>
            <button
              class="cds--btn cds--btn--primary"
              type="submit"
            >
              Request For Extension
            </button>
          </div>
        </form>
      </div>
      <button
        class="cds--visually-hidden"
        type="button"
      >
        Focus sentinel
      </button>
    </div>
  </div>
  .c0 >.cds--modal-container {
  background: #383838;
  width: 38rem;
  height: auto;
  background: #fff;
}

.c0 >.cds--modal-container button svg {
  fill: #222!important;
}

.c0 >.cds--modal-container .cds--modal-close:hover {
  background-color: transparent!important;
}

.c1 >h3 {
  color: var(--text-text-primary, #161616);
  font-family: Open Sans;
  font-size: 1.25rem;
  font-style: normal;
  font-weight: 500;
  line-height: 1.75rem;
}

.c1 button svg {
  fill: #fff;
}

.c1 .giga-text {
  display: flex;
  color: #fff;
  font-size: 2.4rem;
  font-weight: bolder;
}

.c1 .giga-text span:first-child {
  font-weight: 100;
}

.c1 .cds--modal-close:hover {
  background-color: #181818;
}

.c2 {
  margin-bottom: 1.5rem;
}

.c2 .field-wrapper span {
  color: #fff;
  font-size: 0.875rem;
  font-weight: 400;
  line-height: 1.25rem;
}

.c2 .field-wrapper input {
  background: #474747;
  color: #fff;
  border: none;
}

.c2 .share-icons-container span {
  color: #fff;
}

.c2 .share-icons-container .social-share-icons svg {
  fill: #fff;
}

.c5 {
  height: 3rem;
}

.c5 button {
  height: 2.75rem!important;
  flex: 1!important;
  box-shadow: none!important;
}

.c3 {
  color: var(--primary-black-80-giga-dark-grey);
  font-size: 0.875rem;
  font-style: normal;
  font-weight: 400;
  line-height: 1.25rem;
  letter-spacing: 0.01rem;
}

.c4 {
  margin-top: 1.5rem;
}

.c4 >.explore-api-text {
  color: var(--text-text-secondary,#525252);
  font-size: 0.75rem;
  font-style: normLorem ipsum dolor sit lorem a amet,consectetur adipiscing elital;
  font-weight: 400;
  line-height: 1rem;
  letter-spacing: 0.02rem;
}

.c4 >.explore-text-input {
  margin-top: 0.5rem;
}

@media (max-width:768px) {

}

@media (max-width:768px) {

}

<div
    aria-hidden="true"
    class="cds--modal c0"
    role="presentation"
  >
    <div
      aria-modal="true"
      class="cds--modal-container"
      role="dialog"
    >
      <button
        class="cds--visually-hidden"
        type="button"
      >
        Focus sentinel
      </button>
      <div
        class="cds--modal-container-body"
      >
        <form
          class="cds--form"
        >
          <div
            class="cds--modal-header c1"
          >
            <h3
              class="cds--modal-header__heading cds--type-beta"
            >
              Request API Key
            </h3>
            <button
              aria-label="Close"
              class="cds--modal-close"
              title="Close"
              type="button"
            >
              <svg
                aria-hidden="true"
                class="cds--modal-close__icon"
                fill="currentColor"
                focusable="false"
                height="20"
                preserveAspectRatio="xMidYMid meet"
                viewBox="0 0 32 32"
                width="20"
                xmlns="http://www.w3.org/2000/svg"
              >
                <path
                  d="M17.4141 16L24 9.4141 22.5859 8 16 14.5859 9.4143 8 8 9.4141 14.5859 16 8 22.5859 9.4143 24 16 17.4141 22.5859 24 24 22.5859 17.4141 16z"
                />
              </svg>
            </button>
          </div>
          <div
            class="cds--modal-content c2"
          >
            <br />
            <p
              class="c3"
            >
               Please select the countries for which you need data access. Please explain how you plan to utilise the data for each country.  
            </p>
            <div
              class="c4"
            >
              <div
                class="cds--form-item"
              >
                <div
                  class="cds--text-area__label-wrapper"
                >
                  <label
                    class="cds--label"
                    for="message"
                  >
                    Description
                  </label>
                </div>
                <div
                  class="cds--text-area__wrapper"
                >
                  <textarea
                    aria-invalid="false"
                    class="cds--text-area"
                    id="message"
                    name="description"
                    placeholder="Please provide a brief description of how you plan to utilize the data."
                    rows="3"
                    style="width: 100%;"
                  />
                  <span
                    class="cds--text-area__counter-alert"
                    role="alert"
                  />
                </div>
              </div>
            </div>
          </div>
          <div
            class="cds--modal-footer c5 cds--btn-set"
          >
            <button
              class="cds--btn cds--btn--secondary"
              type="button"
            >
              Cancel
            </button>
            <button
              class="cds--btn cds--btn--primary cds--btn--disabled"
              disabled=""
              type="submit"
            >
              Submit
            </button>
          </div>
        </form>
      </div>
      <button
        class="cds--visually-hidden"
        type="button"
      >
        Focus sentinel
      </button>
    </div>
  </div>
</DocumentFragment>
`;
