// Jest Snapshot v1, https://goo.gl/fbAQLP

exports[`CommonUIOnlySchoolConnectivityLayer component should render without crashing 1`] = `
<DocumentFragment>
  .c0 {
  margin: 1.5rem 1rem 1.5rem 1rem;
}

.c1 {
  display: flex;
  flex-direction: column;
  position: relative;
  width: 100%;
  padding-bottom: 1.5rem;
  padding-top: .75rem;
}

.c1 >p {
  padding-top: 0.56rem;
  padding-bottom: 1rem;
}

.c2 {
  color: #1D8Cf0;
  text-transform: capitalize;
  font-size: 0.75rem;
  font-weight: 400;
  line-height: 2.125rem;
}

.c3 {
  font-size: 2.375rem;
}

<div
    class="c0"
  >
    <div
      class="c1"
    >
      <span
        class="c2 c3"
      >
        unknown
      </span>
    </div>
  </div>
  .c0 {
  padding: 1rem;
  color: #fff;
  padding-top: 2rem;
}

<div
    class="c0"
  />
</DocumentFragment>
`;
