// Jest Snapshot v1, https://goo.gl/fbAQLP

exports[`Background Task Crud render AdminBackgroundTask 1`] = `
<DocumentFragment>
  .c1 >h3 {
  color: #FFF;
  font-family: Open Sans;
  font-size: 1.5rem;
  font-style: normal;
  font-weight: 500;
  line-height: 1.75rem;
}

.c1 >p {
  color: #F5F5F5;
  font-family: Open Sans;
  font-size: 0.875rem;
  font-style: normal;
  font-weight: 400;
  line-height: 1.125rem;
}

.c0 {
  padding: 3.75rem 2rem 1rem 0rem;
  background: #222;
  display: flex;
  align-items: center;
}

.c0 button {
  margin-right: 1rem;
}

.c0 button path:not([data-icon-path]):not([fill=none]),
.c0 button .cds--btn__icon {
  fill: #fff!important;
}

<div
    class="c0"
  >
    <span
      class="cds--popover-container cds--popover--caret cds--popover--high-contrast cds--popover--top cds--tooltip cds--icon-tooltip"
    >
      <div
        class="cds--tooltip-trigger__wrapper"
      >
        <button
          aria-labelledby="tooltip-:r0:"
          class="cds--btn--icon-only cds--btn cds--btn--md cds--layout--size-md cds--btn--ghost"
          type="button"
        >
          <svg
            aria-hidden="true"
            class="cds--btn__icon"
            fill="currentColor"
            focusable="false"
            height="16"
            preserveAspectRatio="xMidYMid meet"
            viewBox="0 0 16 16"
            width="16"
            xmlns="http://www.w3.org/2000/svg"
          >
            <path
              d="M6.7 12.3L2.9 8.5 15 8.5 15 7.5 2.9 7.5 6.7 3.7 6 3 1 8 6 13z"
            />
          </svg>
        </button>
      </div>
      <span
        aria-hidden="true"
        class="cds--popover"
        id="tooltip-:r0:"
        role="tooltip"
      >
        <span
          class="cds--popover-content cds--tooltip-content"
        >
          Go Back
        </span>
        <span
          class="cds--popover-caret"
        />
      </span>
    </span>
    <div
      class="c1"
    >
      <h3>
        Background Task
      </h3>
      <p>
        List of Background Task
      </p>
    </div>
  </div>
  .c6 {
  padding: 1rem 1rem 1.5rem 1rem;
}

.c5 >tr >td {
  background: #FFFFFF;
  color: #474747;
  font-family: Open Sans;
  font-size: 0.875rem;
  font-style: normal;
  font-weight: 400;
  line-height: 1.25rem;
  letter-spacing: 0.01rem;
}

.c4 >tr >th {
  border-top: #E0E0E0;
  border-bottom: #E0E0E0;
  background: #F2F2F2;
}

.c3 {
  min-height: calc(100vh - 10.5rem);
}

.c3 .cds--data-table thead {
  position: sticky;
  top: 0;
  z-index: 1;
}

.c3 .cds--data-table-content {
  overflow-x: initial;
}

.c1 {
  background-color: #ffffff;
}

.c0 {
  padding: 0;
}

.c0 .cds--search-magnifier-icon {
  fill: #222;
}

.c0 .import-csv-button {
  margin-right: 0.2rem;
}

.c2 {
  max-height: calc(100vh - 13.5rem);
}

<div
    class="c0 cds--data-table-container"
  >
    <section
      aria-label="data table toolbar"
      class="cds--table-toolbar"
    >
      <div
        aria-hidden="true"
        class="cds--batch-actions"
      >
        <div
          class="cds--batch-summary"
        >
          <p
            class="cds--batch-summary__para"
          >
            <span>
              0 items selected
            </span>
          </p>
        </div>
        <div
          class="cds--action-list"
        >
          <button
            class="cds--btn cds--btn--primary"
            type="button"
          >
            Delete
            <svg
              aria-hidden="true"
              aria-label="Add"
              class="cds--btn__icon"
              fill="currentColor"
              focusable="false"
              height="16"
              preserveAspectRatio="xMidYMid meet"
              role="img"
              viewBox="0 0 32 32"
              width="16"
              xmlns="http://www.w3.org/2000/svg"
            >
              <path
                d="M12 12H14V24H12zM18 12H20V24H18z"
              />
              <path
                d="M4 6V8H6V28a2 2 0 002 2H24a2 2 0 002-2V8h2V6zM8 28V8H24V28zM12 2H20V4H12z"
              />
            </svg>
          </button>
          <button
            class="cds--batch-summary__cancel cds--btn cds--btn--primary"
            tabindex="-1"
            type="button"
          >
            Cancel
          </button>
        </div>
      </div>
      <div
        aria-hidden="false"
        class="cds--toolbar-content c1"
      >
        <div
          aria-label="Filter table"
          class="cds--search cds--search--lg cds--toolbar-search-container-expandable"
          role="search"
        >
          <div
            class="cds--search-magnifier"
            tabindex="-1"
          >
            <svg
              aria-hidden="true"
              class="cds--search-magnifier-icon"
              fill="currentColor"
              focusable="false"
              height="16"
              preserveAspectRatio="xMidYMid meet"
              viewBox="0 0 16 16"
              width="16"
              xmlns="http://www.w3.org/2000/svg"
            >
              <path
                d="M15,14.3L10.7,10c1.9-2.3,1.6-5.8-0.7-7.7S4.2,0.7,2.3,3S0.7,8.8,3,10.7c2,1.7,5,1.7,7,0l4.3,4.3L15,14.3z M2,6.5 C2,4,4,2,6.5,2S11,4,11,6.5S9,11,6.5,11S2,9,2,6.5z"
              />
            </svg>
          </div>
          <label
            class="cds--label"
            for="1"
            id="1-search"
          >
            Filter table
          </label>
          <input
            autocomplete="off"
            class="cds--search-input"
            id="1"
            placeholder="Filter table"
            role="searchbox"
            tabindex="0"
            type="text"
            value=""
          />
          <button
            aria-label="Clear search input"
            class="cds--search-close cds--search-close--hidden"
            title="Clear search input"
            type="button"
          >
            <svg
              aria-hidden="true"
              fill="currentColor"
              focusable="false"
              height="16"
              preserveAspectRatio="xMidYMid meet"
              viewBox="0 0 32 32"
              width="16"
              xmlns="http://www.w3.org/2000/svg"
            >
              <path
                d="M17.4141 16L24 9.4141 22.5859 8 16 14.5859 9.4143 8 8 9.4141 14.5859 16 8 22.5859 9.4143 24 16 17.4141 22.5859 24 24 22.5859 17.4141 16z"
              />
            </svg>
          </button>
        </div>
        <button
          class="cds--btn cds--btn--secondary"
          type="button"
        >
          Search
        </button>
      </div>
    </section>
    <div
      class="scrollbar-container c2 ps"
    >
      <div
        class="c3"
      >
        <div
          class="cds--data-table-content"
        >
          <table
            aria-label="sample table"
            class="cds--data-table cds--data-table--lg"
          >
            <thead
              class="c4"
            >
              <tr>
                <th
                  class="cds--table-column-checkbox"
                  scope="col"
                >
                  <div
                    class="cds--checkbox--inline"
                  >
                    <input
                      class="cds--checkbox"
                      id="data-table-1__select-all"
                      name="select-all"
                      type="checkbox"
                    />
                    <label
                      class="cds--checkbox-label"
                      for="data-table-1__select-all"
                    >
                      <span
                        class="cds--visually-hidden"
                      >
                        Select all rows
                      </span>
                    </label>
                  </div>
                </th>
                <th
                  scope="col"
                >
                  <div
                    class="cds--table-header-label"
                  >
                    Task Id
                  </div>
                </th>
                <th
                  scope="col"
                >
                  <div
                    class="cds--table-header-label"
                  >
                    Description
                  </div>
                </th>
                <th
                  scope="col"
                >
                  <div
                    class="cds--table-header-label"
                  >
                    Status
                  </div>
                </th>
                <th
                  scope="col"
                >
                  <div
                    class="cds--table-header-label"
                  >
                    Created At
                  </div>
                </th>
                <th
                  scope="col"
                >
                  <div
                    class="cds--table-header-label"
                  >
                    Completed At
                  </div>
                </th>
                <th
                  scope="col"
                >
                  <div
                    class="cds--table-header-label"
                  >
                    View Details
                  </div>
                </th>
              </tr>
            </thead>
            <tbody
              aria-live="polite"
              class="c5"
            >
              <tr>
                <td
                  class="cds--table-column-checkbox"
                >
                  <div
                    class="cds--checkbox--inline"
                  >
                    <input
                      class="cds--checkbox"
                      id="data-table-1__select-row-f9dd80096-84e8"
                      name="select-row"
                      type="checkbox"
                    />
                    <label
                      class="cds--checkbox-label"
                      for="data-table-1__select-row-f9dd80096-84e8"
                    >
                      <span
                        class="cds--visually-hidden"
                      >
                        Select row
                      </span>
                    </label>
                  </div>
                </td>
                <td
                  class="c6"
                >
                  f9dd80096-84e8
                </td>
                <td
                  class="c6"
                />
                <td
                  class="c6"
                >
                  completed
                </td>
                <td
                  class="c6"
                >
                  09-03-2021 10:12:00
                </td>
                <td
                  class="c6"
                >
                  09-03-2021 10:12:29
                </td>
                <td
                  class="c6"
                >
                  <a
                    data-testid="background-task-viewf9dd80096-84e8"
                    href="/admin/background-task/view/f9dd80096-84e8"
                  >
                     
                    <svg
                      aria-hidden="true"
                      fill="currentColor"
                      focusable="false"
                      height="16"
                      preserveAspectRatio="xMidYMid meet"
                      viewBox="0 0 16 16"
                      width="16"
                      xmlns="http://www.w3.org/2000/svg"
                    >
                      <path
                        d="M15.5,7.8C14.3,4.7,11.3,2.6,8,2.5C4.7,2.6,1.7,4.7,0.5,7.8c0,0.1,0,0.2,0,0.3c1.2,3.1,4.1,5.2,7.5,5.3 c3.3-0.1,6.3-2.2,7.5-5.3C15.5,8.1,15.5,7.9,15.5,7.8z M8,12.5c-2.7,0-5.4-2-6.5-4.5c1-2.5,3.8-4.5,6.5-4.5s5.4,2,6.5,4.5 C13.4,10.5,10.6,12.5,8,12.5z"
                      />
                      <path
                        d="M8,5C6.3,5,5,6.3,5,8s1.3,3,3,3s3-1.3,3-3S9.7,5,8,5z M8,10c-1.1,0-2-0.9-2-2s0.9-2,2-2s2,0.9,2,2S9.1,10,8,10z"
                      />
                    </svg>
                  </a>
                </td>
              </tr>
              <tr>
                <td
                  class="cds--table-column-checkbox"
                >
                  <div
                    class="cds--checkbox--inline"
                  >
                    <input
                      class="cds--checkbox"
                      id="data-table-1__select-row-98ca9888-6b49-aff7-f7e32533e580"
                      name="select-row"
                      type="checkbox"
                    />
                    <label
                      class="cds--checkbox-label"
                      for="data-table-1__select-row-98ca9888-6b49-aff7-f7e32533e580"
                    >
                      <span
                        class="cds--visually-hidden"
                      >
                        Select row
                      </span>
                    </label>
                  </div>
                </td>
                <td
                  class="c6"
                >
                  98ca9888-6b49-aff7-f7e32533e580
                </td>
                <td
                  class="c6"
                />
                <td
                  class="c6"
                >
                  completed
                </td>
                <td
                  class="c6"
                >
                  09-03-2021 10:13:12
                </td>
                <td
                  class="c6"
                >
                  09-03-2021 10:13:15
                </td>
                <td
                  class="c6"
                >
                  <a
                    data-testid="background-task-view98ca9888-6b49-aff7-f7e32533e580"
                    href="/admin/background-task/view/98ca9888-6b49-aff7-f7e32533e580"
                  >
                     
                    <svg
                      aria-hidden="true"
                      fill="currentColor"
                      focusable="false"
                      height="16"
                      preserveAspectRatio="xMidYMid meet"
                      viewBox="0 0 16 16"
                      width="16"
                      xmlns="http://www.w3.org/2000/svg"
                    >
                      <path
                        d="M15.5,7.8C14.3,4.7,11.3,2.6,8,2.5C4.7,2.6,1.7,4.7,0.5,7.8c0,0.1,0,0.2,0,0.3c1.2,3.1,4.1,5.2,7.5,5.3 c3.3-0.1,6.3-2.2,7.5-5.3C15.5,8.1,15.5,7.9,15.5,7.8z M8,12.5c-2.7,0-5.4-2-6.5-4.5c1-2.5,3.8-4.5,6.5-4.5s5.4,2,6.5,4.5 C13.4,10.5,10.6,12.5,8,12.5z"
                      />
                      <path
                        d="M8,5C6.3,5,5,6.3,5,8s1.3,3,3,3s3-1.3,3-3S9.7,5,8,5z M8,10c-1.1,0-2-0.9-2-2s0.9-2,2-2s2,0.9,2,2S9.1,10,8,10z"
                      />
                    </svg>
                  </a>
                </td>
              </tr>
            </tbody>
          </table>
        </div>
      </div>
      <div
        class="ps__rail-x"
        style="left: 0px; top: 0px;"
      >
        <div
          class="ps__thumb-x"
          style="left: 0px; width: 0px;"
          tabindex="0"
        />
      </div>
      <div
        class="ps__rail-y"
        style="top: 0px; left: 0px;"
      >
        <div
          class="ps__thumb-y"
          style="top: 0px; height: 0px;"
          tabindex="0"
        />
      </div>
    </div>
  </div>
  .c0 .cds--popover {
  display: none;
}

<div
    class="cds--pagination cds--pagination--md c0"
  >
    <div
      class="cds--pagination__left"
    >
      <label
        class="cds--pagination__text"
        for="cds-pagination-select-:rd:"
        id="cds-pagination-select-:rd:-count-label"
      >
        Items per page
      </label>
      <div
        class="cds--form-item cds--select__item-count"
      >
        <div
          class="cds--select cds--select--inline"
        >
          <div
            class="cds--select-input--inline__wrapper"
          >
            <div
              class="cds--select-input__wrapper"
            >
              <select
                class="cds--select-input"
                id="cds-pagination-select-:rd:"
                title=""
              >
                <option
                  class="cds--select-option"
                  value="10"
                >
                  10
                </option>
                <option
                  class="cds--select-option"
                  value="20"
                >
                  20
                </option>
                <option
                  class="cds--select-option"
                  value="50"
                >
                  50
                </option>
                <option
                  class="cds--select-option"
                  value="100"
                >
                  100
                </option>
                <option
                  class="cds--select-option"
                  value="500"
                >
                  500
                </option>
              </select>
              <svg
                aria-hidden="true"
                class="cds--select__arrow"
                fill="currentColor"
                focusable="false"
                height="16"
                preserveAspectRatio="xMidYMid meet"
                viewBox="0 0 16 16"
                width="16"
                xmlns="http://www.w3.org/2000/svg"
              >
                <path
                  d="M8 11L3 6 3.7 5.3 8 9.6 12.3 5.3 13 6z"
                />
              </svg>
            </div>
          </div>
        </div>
      </div>
      <span
        class="cds--pagination__text cds--pagination__items-count"
      >
        1–2 of 2 items
      </span>
    </div>
    <div
      class="cds--pagination__right"
    >
      <div
        class="cds--form-item cds--select__page-number"
      >
        <div
          class="cds--select cds--select--inline"
        >
          <label
            class="cds--label cds--visually-hidden"
            for="cds-pagination-select-:rd:-right"
          >
            Page number, of 1 pages
          </label>
          <div
            class="cds--select-input--inline__wrapper"
          >
            <div
              class="cds--select-input__wrapper"
            >
              <select
                class="cds--select-input"
                id="cds-pagination-select-:rd:-right"
                title=""
              >
                <option
                  class="cds--select-option"
                  value="1"
                >
                  1
                </option>
              </select>
              <svg
                aria-hidden="true"
                class="cds--select__arrow"
                fill="currentColor"
                focusable="false"
                height="16"
                preserveAspectRatio="xMidYMid meet"
                viewBox="0 0 16 16"
                width="16"
                xmlns="http://www.w3.org/2000/svg"
              >
                <path
                  d="M8 11L3 6 3.7 5.3 8 9.6 12.3 5.3 13 6z"
                />
              </svg>
            </div>
          </div>
        </div>
      </div>
      <span
        class="cds--pagination__text"
      >
        of 1 page
      </span>
      <div
        class="cds--pagination__control-buttons"
      >
        <span
          class="cds--popover-container cds--popover--caret cds--popover--high-contrast cds--popover--top cds--tooltip cds--icon-tooltip cds--icon-tooltip--disabled"
        >
          <div
            class="cds--tooltip-trigger__wrapper"
          >
            <button
              aria-labelledby="tooltip-:re:"
              class="cds--btn--icon-only cds--pagination__button cds--pagination__button--backward cds--pagination__button--no-index cds--btn cds--btn--ghost cds--btn--disabled"
              disabled=""
              type="button"
            >
              <svg
                aria-hidden="true"
                fill="currentColor"
                focusable="false"
                height="16"
                preserveAspectRatio="xMidYMid meet"
                viewBox="0 0 32 32"
                width="16"
                xmlns="http://www.w3.org/2000/svg"
              >
                <path
                  d="M20 24L10 16 20 8z"
                />
              </svg>
            </button>
          </div>
          <span
            aria-hidden="true"
            class="cds--popover"
            id="tooltip-:re:"
            role="tooltip"
          >
            <span
              class="cds--popover-content cds--tooltip-content"
            >
              Previous page
            </span>
            <span
              class="cds--popover-caret"
            />
          </span>
        </span>
        <span
          class="cds--popover-container cds--popover--caret cds--popover--high-contrast cds--popover--top-right cds--tooltip cds--icon-tooltip cds--icon-tooltip--disabled"
        >
          <div
            class="cds--tooltip-trigger__wrapper"
          >
            <button
              aria-labelledby="tooltip-:rg:"
              class="cds--btn--icon-only cds--pagination__button cds--pagination__button--forward cds--pagination__button--no-index cds--btn cds--btn--ghost cds--btn--disabled"
              disabled=""
              type="button"
            >
              <svg
                aria-hidden="true"
                fill="currentColor"
                focusable="false"
                height="16"
                preserveAspectRatio="xMidYMid meet"
                viewBox="0 0 32 32"
                width="16"
                xmlns="http://www.w3.org/2000/svg"
              >
                <path
                  d="M12 8L22 16 12 24z"
                />
              </svg>
            </button>
          </div>
          <span
            aria-hidden="true"
            class="cds--popover"
            id="tooltip-:rg:"
            role="tooltip"
          >
            <span
              class="cds--popover-content cds--tooltip-content"
            >
              Next page
            </span>
            <span
              class="cds--popover-caret"
            />
          </span>
        </span>
      </div>
    </div>
  </div>
</DocumentFragment>
`;
