// Jest Snapshot v1, https://goo.gl/fbAQLP

exports[`Data source EditableField 1`] = `
<DocumentFragment>
  <input
    readonly=""
    title="Read only"
    type="text"
    value=""
  />
</DocumentFragment>
`;

exports[`Data source take a snapshot of EditDataSource 1`] = `
<DocumentFragment>
  .c1 >h3 {
  color: #FFF;
  font-family: Open Sans;
  font-size: 1.5rem;
  font-style: normal;
  font-weight: 500;
  line-height: 1.75rem;
}

.c1 >p {
  color: #F5F5F5;
  font-family: Open Sans;
  font-size: 0.875rem;
  font-style: normal;
  font-weight: 400;
  line-height: 1.125rem;
}

.c0 {
  padding: 3.75rem 2rem 1rem 0rem;
  background: #222;
  display: flex;
  align-items: center;
}

.c0 button {
  margin-right: 1rem;
}

.c0 button path:not([data-icon-path]):not([fill=none]),
.c0 button .cds--btn__icon {
  fill: #fff!important;
}

<div
    class="c0"
  >
    <span
      class="cds--popover-container cds--popover--caret cds--popover--high-contrast cds--popover--top cds--tooltip cds--icon-tooltip"
    >
      <div
        class="cds--tooltip-trigger__wrapper"
      >
        <button
          aria-labelledby="tooltip-:r0:"
          class="cds--btn--icon-only cds--btn cds--btn--md cds--layout--size-md cds--btn--ghost"
          type="button"
        >
          <svg
            aria-hidden="true"
            class="cds--btn__icon"
            fill="currentColor"
            focusable="false"
            height="16"
            preserveAspectRatio="xMidYMid meet"
            viewBox="0 0 16 16"
            width="16"
            xmlns="http://www.w3.org/2000/svg"
          >
            <path
              d="M6.7 12.3L2.9 8.5 15 8.5 15 7.5 2.9 7.5 6.7 3.7 6 3 1 8 6 13z"
            />
          </svg>
        </button>
      </div>
      <span
        aria-hidden="true"
        class="cds--popover"
        id="tooltip-:r0:"
        role="tooltip"
      >
        <span
          class="cds--popover-content cds--tooltip-content"
        >
          Go Back
        </span>
        <span
          class="cds--popover-caret"
        />
      </span>
    </span>
    <div
      class="c1"
    >
      <h3>
        Data Source
      </h3>
      <p>
        School master data
      </p>
    </div>
  </div>
  .c0 {
  display: flex;
  align-items: center;
  justify-content: space-between;
  padding-left: 1rem;
  height: 3rem;
}

.c0 p {
  color: #474747;
  font-size: 0.875rem;
  font-weight: 400;
}

.c0 .action-button {
  display: flex;
  align-items: center;
}

.c0 .right-action-button {
  flex: 1;
  margin-left: 1rem;
}

.c1 {
  margin-left: 0.5rem;
}

.c1 svg {
  fill: #222;
}

.c1 p {
  color: #fff;
}

.c1 ul {
  list-style: disc;
  margin-left: 1rem;
}

.c1 .cds--popover-content {
  max-inline-size: 48rem;
}

.c1 .cds--toggletip-content {
  max-inline-size: 48rem;
}

.c2 .cds--search-magnifier-icon {
  fill: #222;
  margin-left: -1rem;
}

<div
    class="c0"
  >
    <div
      class="action-button"
    >
      <span
        class="cds--popover-container cds--popover--caret cds--popover--high-contrast cds--popover--bottom cds--toggletip c1"
      >
        <button
          aria-controls="id-:r2:"
          aria-expanded="false"
          aria-label="Additional information"
          class="cds--toggletip-button"
          type="button"
        >
          <svg
            aria-hidden="true"
            fill="currentColor"
            focusable="false"
            height="16"
            preserveAspectRatio="xMidYMid meet"
            viewBox="0 0 16 16"
            width="16"
            xmlns="http://www.w3.org/2000/svg"
          >
            <path
              d="M8.5 11L8.5 6.5 6.5 6.5 6.5 7.5 7.5 7.5 7.5 11 6 11 6 12 10 12 10 11zM8 3.5c-.4 0-.8.3-.8.8S7.6 5 8 5c.4 0 .8-.3.8-.8S8.4 3.5 8 3.5z"
            />
            <path
              d="M8,15c-3.9,0-7-3.1-7-7s3.1-7,7-7s7,3.1,7,7S11.9,15,8,15z M8,2C4.7,2,2,4.7,2,8s2.7,6,6,6s6-2.7,6-6S11.3,2,8,2z"
            />
          </svg>
        </button>
        <span
          class="cds--popover"
          id="id-:r2:"
        >
          <span
            class="cds--popover-content"
          >
            <div
              class="cds--toggletip-content"
            >
              <p>
                Editors and publishers are able to access the updated data for preview and publish.
              </p>
              <p>
                For existing schools, when values are updated for Latitude (Lat), Longitude (Long), Admin 1, Admin 2, School Name, School Id Gov, School Giga Id , Education Level, those schools are assigned to editors and publishers for preview and publish.
              </p>
              <p>
                When a new school is added to the data source for the first time, those new schools are assigned to editors and publishers for preview and publish.
              </p>
              <p>
                The following are the statuses that are shown to editors and publishers:
              </p>
              <ul>
                <li>
                  <b>
                    In Draft
                  </b>
                  : When new or existing school data is sent from the data source for preview and publish.
                </li>
                <li>
                  <b>
                    Updated By Editor
                  </b>
                  : When details of any school are updated by the editor. 
                </li>
                <li>
                  <b>
                    Assigned to Publisher
                  </b>
                  : When the editor sends a school to the publisher for preview and publish. 
                </li>
                <li>
                  <b>
                    Updated by Publisher
                  </b>
                  : When details of any school are updated by the publisher. 
                </li>
                <li>
                  <b>
                    Deleted
                  </b>
                  : When school details are deleted.
                </li>
              </ul>
            </div>
          </span>
          <span
            class="cds--popover-caret"
          />
        </span>
      </span>
    </div>
    <div
      class="action-button right-action-button"
    >
      <form
        style="flex: 1; display: flex;"
      >
        <div
          aria-label="Search by giga id, school name"
          class="cds--search cds--search--lg c2 cds--toolbar-search-container-active cds--toolbar-search-container-expandable"
          role="search"
        >
          <div
            class="cds--search-magnifier"
            tabindex="-1"
          >
            <svg
              aria-hidden="true"
              class="cds--search-magnifier-icon"
              fill="currentColor"
              focusable="false"
              height="16"
              preserveAspectRatio="xMidYMid meet"
              viewBox="0 0 16 16"
              width="16"
              xmlns="http://www.w3.org/2000/svg"
            >
              <path
                d="M15,14.3L10.7,10c1.9-2.3,1.6-5.8-0.7-7.7S4.2,0.7,2.3,3S0.7,8.8,3,10.7c2,1.7,5,1.7,7,0l4.3,4.3L15,14.3z M2,6.5 C2,4,4,2,6.5,2S11,4,11,6.5S9,11,6.5,11S2,9,2,6.5z"
              />
            </svg>
          </div>
          <label
            class="cds--label"
            for="1"
            id="1-search"
          >
            Filter table
          </label>
          <input
            autocomplete="off"
            class="cds--search-input"
            id="1"
            placeholder="Search by giga id, school name"
            role="searchbox"
            tabindex="0"
            type="text"
            value=""
          />
          <button
            aria-label="Clear search input"
            class="cds--search-close cds--search-close--hidden"
            title="Clear search input"
            type="button"
          >
            <svg
              aria-hidden="true"
              fill="currentColor"
              focusable="false"
              height="16"
              preserveAspectRatio="xMidYMid meet"
              viewBox="0 0 32 32"
              width="16"
              xmlns="http://www.w3.org/2000/svg"
            >
              <path
                d="M17.4141 16L24 9.4141 22.5859 8 16 14.5859 9.4143 8 8 9.4141 14.5859 16 8 22.5859 9.4143 24 16 17.4141 22.5859 24 24 22.5859 17.4141 16z"
              />
            </svg>
          </button>
        </div>
        <span
          class="cds--popover-container cds--popover--caret cds--popover--high-contrast cds--popover--top cds--tooltip cds--icon-tooltip"
        >
          <div
            class="cds--tooltip-trigger__wrapper"
          >
            <button
              class="cds--btn--icon-only cds--btn cds--btn--secondary"
              type="submit"
            >
              <svg
                aria-hidden="true"
                fill="currentColor"
                focusable="false"
                height="16"
                preserveAspectRatio="xMidYMid meet"
                viewBox="0 0 16 16"
                width="16"
                xmlns="http://www.w3.org/2000/svg"
              >
                <path
                  d="M15,14.3L10.7,10c1.9-2.3,1.6-5.8-0.7-7.7S4.2,0.7,2.3,3S0.7,8.8,3,10.7c2,1.7,5,1.7,7,0l4.3,4.3L15,14.3z M2,6.5 C2,4,4,2,6.5,2S11,4,11,6.5S9,11,6.5,11S2,9,2,6.5z"
                />
              </svg>
            </button>
          </div>
          <span
            aria-hidden="true"
            class="cds--popover"
            id="tooltip-:r4:"
            role="tooltip"
          >
            <span
              class="cds--popover-content cds--tooltip-content"
            />
            <span
              class="cds--popover-caret"
            />
          </span>
        </span>
      </form>
      <span
        class="cds--popover-container cds--popover--caret cds--popover--high-contrast cds--popover--top cds--tooltip cds--icon-tooltip"
      >
        <div
          class="cds--tooltip-trigger__wrapper"
        >
          <button
            aria-labelledby="tooltip-:r6:"
            class="cds--btn--icon-only cds--btn cds--btn--ghost"
            type="button"
          >
            <svg
              aria-hidden="true"
              class="cds--btn__icon"
              fill="currentColor"
              focusable="false"
              height="16"
              preserveAspectRatio="xMidYMid meet"
              viewBox="0 0 32 32"
              width="16"
              xmlns="http://www.w3.org/2000/svg"
            >
              <path
                d="M18,28H14a2,2,0,0,1-2-2V18.41L4.59,11A2,2,0,0,1,4,9.59V6A2,2,0,0,1,6,4H26a2,2,0,0,1,2,2V9.59A2,2,0,0,1,27.41,11L20,18.41V26A2,2,0,0,1,18,28ZM6,6V9.59l8,8V26h4V17.59l8-8V6Z"
              />
            </svg>
          </button>
        </div>
        <span
          aria-hidden="true"
          class="cds--popover"
          id="tooltip-:r6:"
          role="tooltip"
        >
          <span
            class="cds--popover-content cds--tooltip-content"
          >
            Country filter
          </span>
          <span
            class="cds--popover-caret"
          />
        </span>
      </span>
      <span
        class="cds--overflow-menu__wrapper"
      >
        <span
          class="cds--popover-container cds--popover--caret cds--popover--high-contrast cds--popover--top cds--tooltip cds--icon-tooltip"
        >
          <div
            class="cds--tooltip-trigger__wrapper"
          >
            <button
              aria-expanded="false"
              aria-haspopup="true"
              aria-labelledby="tooltip-:r8:"
              class="cds--btn--icon-only cds--toolbar-action cds--overflow-menu cds--overflow-menu cds--overflow-menu--md cds--btn cds--btn--md cds--layout--size-md cds--btn--primary"
              title="Status filter"
              type="button"
            >
              <svg
                aria-label="Status filter"
                class="cds--overflow-menu__icon"
                fill="currentColor"
                focusable="false"
                height="16"
                preserveAspectRatio="xMidYMid meet"
                role="img"
                viewBox="0 0 16 16"
                width="16"
                xmlns="http://www.w3.org/2000/svg"
              >
                <path
                  d="M13.5,8.4c0-0.1,0-0.3,0-0.4c0-0.1,0-0.3,0-0.4l1-0.8c0.4-0.3,0.4-0.9,0.2-1.3l-1.2-2C13.3,3.2,13,3,12.6,3 c-0.1,0-0.2,0-0.3,0.1l-1.2,0.4c-0.2-0.1-0.4-0.3-0.7-0.4l-0.3-1.3C10.1,1.3,9.7,1,9.2,1H6.8c-0.5,0-0.9,0.3-1,0.8L5.6,3.1 C5.3,3.2,5.1,3.3,4.9,3.4L3.7,3C3.6,3,3.5,3,3.4,3C3,3,2.7,3.2,2.5,3.5l-1.2,2C1.1,5.9,1.2,6.4,1.6,6.8l0.9,0.9c0,0.1,0,0.3,0,0.4 c0,0.1,0,0.3,0,0.4L1.6,9.2c-0.4,0.3-0.5,0.9-0.2,1.3l1.2,2C2.7,12.8,3,13,3.4,13c0.1,0,0.2,0,0.3-0.1l1.2-0.4 c0.2,0.1,0.4,0.3,0.7,0.4l0.3,1.3c0.1,0.5,0.5,0.8,1,0.8h2.4c0.5,0,0.9-0.3,1-0.8l0.3-1.3c0.2-0.1,0.4-0.2,0.7-0.4l1.2,0.4 c0.1,0,0.2,0.1,0.3,0.1c0.4,0,0.7-0.2,0.9-0.5l1.1-2c0.2-0.4,0.2-0.9-0.2-1.3L13.5,8.4z M12.6,12l-1.7-0.6c-0.4,0.3-0.9,0.6-1.4,0.8 L9.2,14H6.8l-0.4-1.8c-0.5-0.2-0.9-0.5-1.4-0.8L3.4,12l-1.2-2l1.4-1.2c-0.1-0.5-0.1-1.1,0-1.6L2.2,6l1.2-2l1.7,0.6 C5.5,4.2,6,4,6.5,3.8L6.8,2h2.4l0.4,1.8c0.5,0.2,0.9,0.5,1.4,0.8L12.6,4l1.2,2l-1.4,1.2c0.1,0.5,0.1,1.1,0,1.6l1.4,1.2L12.6,12z"
                />
                <path
                  d="M8,11c-1.7,0-3-1.3-3-3s1.3-3,3-3s3,1.3,3,3C11,9.6,9.7,11,8,11C8,11,8,11,8,11z M8,6C6.9,6,6,6.8,6,7.9C6,7.9,6,8,6,8 c0,1.1,0.8,2,1.9,2c0,0,0.1,0,0.1,0c1.1,0,2-0.8,2-1.9c0,0,0-0.1,0-0.1C10,6.9,9.2,6,8,6C8.1,6,8,6,8,6z"
                />
              </svg>
            </button>
          </div>
          <span
            aria-hidden="true"
            class="cds--popover"
            id="tooltip-:r8:"
            role="tooltip"
          >
            <span
              class="cds--popover-content cds--tooltip-content"
            >
              Status filter
            </span>
            <span
              class="cds--popover-caret"
            />
          </span>
        </span>
      </span>
      <button
        class="cds--btn cds--btn--tertiary cds--btn--disabled"
        disabled=""
        type="button"
      >
        Map Preview
      </button>
    </div>
  </div>
  .c3 >tr >td {
  background: #FFFFFF;
  color: #474747;
  font-family: Open Sans;
  font-size: 0.875rem;
  font-style: normal;
  font-weight: 400;
  line-height: 1.25rem;
  letter-spacing: 0.01rem;
}

.c2 >tr >th {
  border-top: #E0E0E0;
  border-bottom: #E0E0E0;
  background: #F2F2F2;
}

.c1 {
  min-height: calc(100vh - 10.5rem);
}

.c1 .cds--data-table thead {
  position: sticky;
  top: 0;
  z-index: 1;
}

.c1 .cds--data-table-content {
  overflow-x: initial;
}

.c0 {
  max-height: calc(100vh - 13.5rem);
}

.c0 .ps__rail-x {
  display: block!important;
}

.c0 .ps__rail-x .ps__thumb-x {
  display: block!important;
}

<div
    class="scrollbar-container c0 ps"
  >
    <div
      class="c1"
    >
      <div
        class="cds--data-table-content"
      >
        <table
          aria-label="data-source-data-edit-table"
          class="cds--data-table cds--data-table--lg"
        >
          <thead
            class="c2"
          >
            <tr>
              <th
                scope="col"
              >
                <div
                  class="cds--table-header-label"
                >
                  <div
                    class="cds--form-item cds--checkbox-wrapper"
                  >
                    <input
                      checked=""
                      class="cds--checkbox"
                      id="Select-all-checkbox-data-source"
                      type="checkbox"
                    />
                    <label
                      class="cds--checkbox-label"
                      for="Select-all-checkbox-data-source"
                      title=""
                    >
                      <span
                        class="cds--checkbox-label-text"
                      />
                    </label>
                    <div
                      class="cds--checkbox__validation-msg"
                    />
                  </div>
                </div>
              </th>
              <th
                scope="col"
              >
                <div
                  class="cds--table-header-label"
                >
                  <a
                    class="cds--link"
                    href="#"
                  >
                    Status
                  </a>
                </div>
              </th>
              <th
                scope="col"
              >
                <div
                  class="cds--table-header-label"
                >
                  Country
                </div>
              </th>
              <th
                scope="col"
              >
                <div
                  class="cds--table-header-label"
                >
                  Giga Id
                </div>
              </th>
              <th
                scope="col"
              >
                <div
                  class="cds--table-header-label"
                >
                  School govt id
                </div>
              </th>
              <th
                scope="col"
              >
                <div
                  class="cds--table-header-label"
                >
                  name
                </div>
              </th>
              <th
                scope="col"
              >
                <div
                  class="cds--table-header-label"
                >
                  Admin1 id
                </div>
              </th>
              <th
                scope="col"
              >
                <div
                  class="cds--table-header-label"
                >
                  Admin2 id
                </div>
              </th>
              <th
                scope="col"
              >
                <div
                  class="cds--table-header-label"
                >
                  Latitude
                </div>
              </th>
              <th
                scope="col"
              >
                <div
                  class="cds--table-header-label"
                >
                  Longitude
                </div>
              </th>
              <th
                scope="col"
              >
                <div
                  class="cds--table-header-label"
                >
                  Education level
                </div>
              </th>
              <th
                scope="col"
              >
                <div
                  class="cds--table-header-label"
                >
                  School establishment year
                </div>
              </th>
              <th
                scope="col"
              >
                <div
                  class="cds--table-header-label"
                >
                  Number of teachers
                </div>
              </th>
              <th
                scope="col"
              >
                <div
                  class="cds--table-header-label"
                >
                  Number of students
                </div>
              </th>
              <th
                scope="col"
              >
                <div
                  class="cds--table-header-label"
                >
                  Number of classrooms
                </div>
              </th>
              <th
                scope="col"
              >
                <div
                  class="cds--table-header-label"
                >
                  Number of latrines
                </div>
              </th>
              <th
                scope="col"
              >
                <div
                  class="cds--table-header-label"
                >
                  Water availability
                </div>
              </th>
              <th
                scope="col"
              >
                <div
                  class="cds--table-header-label"
                >
                  Electricity availability
                </div>
              </th>
              <th
                scope="col"
              >
                <div
                  class="cds--table-header-label"
                >
                  Number of computers
                </div>
              </th>
              <th
                scope="col"
              >
                <div
                  class="cds--table-header-label"
                >
                  Connectivity govt
                </div>
              </th>
              <th
                scope="col"
              >
                <div
                  class="cds--table-header-label"
                >
                  Connectivity type govt
                </div>
              </th>
              <th
                scope="col"
              >
                <div
                  class="cds--table-header-label"
                >
                  Cellular coverage availability
                </div>
              </th>
              <th
                scope="col"
              >
                <div
                  class="cds--table-header-label"
                >
                  Cellular coverage type
                </div>
              </th>
              <th
                scope="col"
              >
                <div
                  class="cds--table-header-label"
                >
                  Connectivity
                </div>
              </th>
              <th
                scope="col"
              >
                <div
                  class="cds--table-header-label"
                >
                  Connectivity RT
                </div>
              </th>
              <th
                scope="col"
              >
                <div
                  class="cds--table-header-label"
                >
                  Connectivity RT datasource
                </div>
              </th>
            </tr>
          </thead>
          <tbody
            aria-live="polite"
            class="c3"
          />
        </table>
      </div>
    </div>
    <div
      class="ps__rail-x"
      style="left: 0px; top: 0px;"
    >
      <div
        class="ps__thumb-x"
        style="left: 0px; width: 0px;"
        tabindex="0"
      />
    </div>
    <div
      class="ps__rail-y"
      style="top: 0px; left: 0px;"
    >
      <div
        class="ps__thumb-y"
        style="top: 0px; height: 0px;"
        tabindex="0"
      />
    </div>
  </div>
  .c0 .cds--popover {
  display: none;
}

<div
    class="cds--pagination cds--pagination--md c0"
  >
    <div
      class="cds--pagination__left"
    >
      <label
        class="cds--pagination__text"
        for="cds-pagination-select-:r15:"
        id="cds-pagination-select-:r15:-count-label"
      >
        Items per page
      </label>
      <div
        class="cds--form-item cds--select__item-count"
      >
        <div
          class="cds--select cds--select--inline"
        >
          <div
            class="cds--select-input--inline__wrapper"
          >
            <div
              class="cds--select-input__wrapper"
            >
              <select
                class="cds--select-input"
                id="cds-pagination-select-:r15:"
                title=""
              >
                <option
                  class="cds--select-option"
                  value="10"
                >
                  10
                </option>
                <option
                  class="cds--select-option"
                  value="20"
                >
                  20
                </option>
                <option
                  class="cds--select-option"
                  value="50"
                >
                  50
                </option>
                <option
                  class="cds--select-option"
                  value="100"
                >
                  100
                </option>
                <option
                  class="cds--select-option"
                  value="500"
                >
                  500
                </option>
              </select>
              <svg
                aria-hidden="true"
                class="cds--select__arrow"
                fill="currentColor"
                focusable="false"
                height="16"
                preserveAspectRatio="xMidYMid meet"
                viewBox="0 0 16 16"
                width="16"
                xmlns="http://www.w3.org/2000/svg"
              >
                <path
                  d="M8 11L3 6 3.7 5.3 8 9.6 12.3 5.3 13 6z"
                />
              </svg>
            </div>
          </div>
        </div>
      </div>
      <span
        class="cds--pagination__text cds--pagination__items-count"
      >
        0–0 of 0 items
      </span>
    </div>
    <div
      class="cds--pagination__right"
    >
      <div
        class="cds--form-item cds--select__page-number"
      >
        <div
          class="cds--select cds--select--inline"
        >
          <label
            class="cds--label cds--visually-hidden"
            for="cds-pagination-select-:r15:-right"
          >
            Page number, of 1 pages
          </label>
          <div
            class="cds--select-input--inline__wrapper"
          >
            <div
              class="cds--select-input__wrapper"
            >
              <select
                class="cds--select-input"
                id="cds-pagination-select-:r15:-right"
                title=""
              >
                <option
                  class="cds--select-option"
                  value="1"
                >
                  1
                </option>
              </select>
              <svg
                aria-hidden="true"
                class="cds--select__arrow"
                fill="currentColor"
                focusable="false"
                height="16"
                preserveAspectRatio="xMidYMid meet"
                viewBox="0 0 16 16"
                width="16"
                xmlns="http://www.w3.org/2000/svg"
              >
                <path
                  d="M8 11L3 6 3.7 5.3 8 9.6 12.3 5.3 13 6z"
                />
              </svg>
            </div>
          </div>
        </div>
      </div>
      <span
        class="cds--pagination__text"
      >
        of 1 page
      </span>
      <div
        class="cds--pagination__control-buttons"
      >
        <span
          class="cds--popover-container cds--popover--caret cds--popover--high-contrast cds--popover--top cds--tooltip cds--icon-tooltip cds--icon-tooltip--disabled"
        >
          <div
            class="cds--tooltip-trigger__wrapper"
          >
            <button
              aria-labelledby="tooltip-:r16:"
              class="cds--btn--icon-only cds--pagination__button cds--pagination__button--backward cds--pagination__button--no-index cds--btn cds--btn--ghost cds--btn--disabled"
              disabled=""
              type="button"
            >
              <svg
                aria-hidden="true"
                fill="currentColor"
                focusable="false"
                height="16"
                preserveAspectRatio="xMidYMid meet"
                viewBox="0 0 32 32"
                width="16"
                xmlns="http://www.w3.org/2000/svg"
              >
                <path
                  d="M20 24L10 16 20 8z"
                />
              </svg>
            </button>
          </div>
          <span
            aria-hidden="true"
            class="cds--popover"
            id="tooltip-:r16:"
            role="tooltip"
          >
            <span
              class="cds--popover-content cds--tooltip-content"
            >
              Previous page
            </span>
            <span
              class="cds--popover-caret"
            />
          </span>
        </span>
        <span
          class="cds--popover-container cds--popover--caret cds--popover--high-contrast cds--popover--top-right cds--tooltip cds--icon-tooltip cds--icon-tooltip--disabled"
        >
          <div
            class="cds--tooltip-trigger__wrapper"
          >
            <button
              aria-labelledby="tooltip-:r18:"
              class="cds--btn--icon-only cds--pagination__button cds--pagination__button--forward cds--pagination__button--no-index cds--btn cds--btn--ghost cds--btn--disabled"
              disabled=""
              type="button"
            >
              <svg
                aria-hidden="true"
                fill="currentColor"
                focusable="false"
                height="16"
                preserveAspectRatio="xMidYMid meet"
                viewBox="0 0 32 32"
                width="16"
                xmlns="http://www.w3.org/2000/svg"
              >
                <path
                  d="M12 8L22 16 12 24z"
                />
              </svg>
            </button>
          </div>
          <span
            aria-hidden="true"
            class="cds--popover"
            id="tooltip-:r18:"
            role="tooltip"
          >
            <span
              class="cds--popover-content cds--tooltip-content"
            >
              Next page
            </span>
            <span
              class="cds--popover-caret"
            />
          </span>
        </span>
      </div>
    </div>
  </div>
  .c0 >.cds--modal-container {
  display: grid;
  overflow: hidden;
  background-color: var(--cds-layer);
  grid-template-columns: 100%;
  grid-template-rows: auto 1fr auto;
  outline: 3px solid transparent;
  outline-offset: -3px;
  transform-origin: top center;
  width: 15rem;
  max-height: 100%;
  position: absolute;
  right: 0;
  height: 100%;
  bottom: 0;
  top: auto;
  background: #fff;
}

.c0 >.cds--modal-container button svg {
  fill: #222!important;
}

.c0 >.cds--modal-container .cds--modal-close:hover {
  background-color: transparent!important;
}

.c1 >h3 {
  color: #161616;
  font-weight: 500;
}

.c1 .giga-text {
  display: flex;
  font-size: 2.4rem;
  font-weight: bolder;
}

.c1 .giga-text span:first-child {
  font-weight: 100;
}

.c3 {
  display: flex;
  height: 3rem;
  justify-content: flex-end;
  margin-top: auto;
  grid-column: 1/-1;
  grid-row: -1/-1;
}

.c3 .cds--btn.cds--btn--secondary {
  padding: 0.75rem;
  color: #fff;
  font-family: Open Sans;
  font-size: 0.875rem;
  font-style: normal;
  font-weight: 400;
  line-height: 1.125rem;
  display: flex;
  justify-content: space-between;
  align-items: center;
  align-self: stretch;
  height: 3rem;
  box-shadow: none;
  background: #616161;
}

.c3 .cds--btn.cds--btn--primary {
  padding: 0.75rem;
  color: #fff;
  font-family: Open Sans;
  font-size: 0.875rem;
  font-style: normal;
  font-weight: 400;
  line-height: 1.125rem;
  display: flex;
  justify-content: space-between;
  align-items: center;
  align-self: stretch;
  height: 3rem;
  box-shadow: none;
}

.c2 {
  padding: 0rem 1rem 0.5rem 1rem;
}

<div
    aria-hidden="true"
    class="cds--modal c0"
    id="country-daily-summary-filter-modal"
    role="presentation"
  >
    <div
      aria-modal="true"
      class="cds--modal-container"
      role="dialog"
    >
      <button
        class="cds--visually-hidden"
        type="button"
      >
        Focus sentinel
      </button>
      <div
        class="cds--modal-container-body"
      >
        <div
          class="cds--modal-header c1"
        >
          <h3
            class="cds--modal-header__heading cds--type-beta"
          >
            Filter By Country
          </h3>
          <button
            aria-label="Close"
            class="cds--modal-close"
            title="Close"
            type="button"
          >
            <svg
              aria-hidden="true"
              class="cds--modal-close__icon"
              fill="currentColor"
              focusable="false"
              height="20"
              preserveAspectRatio="xMidYMid meet"
              viewBox="0 0 32 32"
              width="20"
              xmlns="http://www.w3.org/2000/svg"
            >
              <path
                d="M17.4141 16L24 9.4141 22.5859 8 16 14.5859 9.4143 8 8 9.4141 14.5859 16 8 22.5859 9.4143 24 16 17.4141 22.5859 24 24 22.5859 17.4141 16z"
              />
            </svg>
          </button>
        </div>
        <div
          class="scrollbar-container ps"
          style="max-height: calc(100vh - 6rem);"
        >
          <fieldset
            class="cds--checkbox-group c2"
          >
            <legend
              class="cds--label"
            />
            <div
              class="cds--checkbox-group__validation-msg"
            />
          </fieldset>
          <div
            class="ps__rail-x"
            style="left: 0px; top: 0px;"
          >
            <div
              class="ps__thumb-x"
              style="left: 0px; width: 0px;"
              tabindex="0"
            />
          </div>
          <div
            class="ps__rail-y"
            style="top: 0px; left: 0px;"
          >
            <div
              class="ps__thumb-y"
              style="top: 0px; height: 0px;"
              tabindex="0"
            />
          </div>
        </div>
        <div
          class="cds--modal-footer c3 cds--btn-set"
        >
          <button
            class="cds--btn cds--btn--secondary"
            data-testid="reset-country-filter"
            type="button"
          >
            Reset
          </button>
          <button
            class="cds--btn cds--btn--primary"
            type="button"
          >
            Apply
          </button>
        </div>
      </div>
      <button
        class="cds--visually-hidden"
        type="button"
      >
        Focus sentinel
      </button>
    </div>
  </div>
</DocumentFragment>
`;
