// Jest Snapshot v1, https://goo.gl/fbAQLP

exports[`ListAlertView Render ListAlertView 1`] = `
<DocumentFragment>
  .c1 >h3 {
  color: #FFF;
  font-family: Open Sans;
  font-size: 1.5rem;
  font-style: normal;
  font-weight: 500;
  line-height: 1.75rem;
}

.c1 >p {
  color: #F5F5F5;
  font-family: Open Sans;
  font-size: 0.875rem;
  font-style: normal;
  font-weight: 400;
  line-height: 1.125rem;
}

.c0 {
  padding: 3.75rem 2rem 1rem 0rem;
  background: #222;
  display: flex;
  align-items: center;
}

.c0 button {
  margin-right: 1rem;
}

.c0 button path:not([data-icon-path]):not([fill=none]),
.c0 button .cds--btn__icon {
  fill: #fff!important;
}

<div
    class="c0"
  >
    <span
      class="cds--popover-container cds--popover--caret cds--popover--high-contrast cds--popover--top cds--tooltip cds--icon-tooltip"
    >
      <div
        class="cds--tooltip-trigger__wrapper"
      >
        <button
          aria-labelledby="tooltip-:r0:"
          class="cds--btn--icon-only cds--btn cds--btn--md cds--layout--size-md cds--btn--ghost"
          type="button"
        >
          <svg
            aria-hidden="true"
            class="cds--btn__icon"
            fill="currentColor"
            focusable="false"
            height="16"
            preserveAspectRatio="xMidYMid meet"
            viewBox="0 0 16 16"
            width="16"
            xmlns="http://www.w3.org/2000/svg"
          >
            <path
              d="M6.7 12.3L2.9 8.5 15 8.5 15 7.5 2.9 7.5 6.7 3.7 6 3 1 8 6 13z"
            />
          </svg>
        </button>
      </div>
      <span
        aria-hidden="true"
        class="cds--popover"
        id="tooltip-:r0:"
        role="tooltip"
      >
        <span
          class="cds--popover-content cds--tooltip-content"
        >
          Go Back
        </span>
        <span
          class="cds--popover-caret"
        />
      </span>
    </span>
    <div
      class="c1"
    >
      <h3>
        Alerts
      </h3>
      <p>
        Notification about changes and updates
      </p>
    </div>
  </div>
</DocumentFragment>
`;
