// Jest Snapshot v1, https://goo.gl/fbAQLP

exports[`RoleList render CreateRole by click 1`] = `
<DocumentFragment>
  .c1 >h3 {
  color: #FFF;
  font-family: Open Sans;
  font-size: 1.5rem;
  font-style: normal;
  font-weight: 500;
  line-height: 1.75rem;
}

.c1 >p {
  color: #F5F5F5;
  font-family: Open Sans;
  font-size: 0.875rem;
  font-style: normal;
  font-weight: 400;
  line-height: 1.125rem;
}

.c0 {
  padding: 3.75rem 2rem 1rem 0rem;
  background: #222;
  display: flex;
  align-items: center;
}

.c0 button {
  margin-right: 1rem;
}

.c0 button path:not([data-icon-path]):not([fill=none]),
.c0 button .cds--btn__icon {
  fill: #fff!important;
}

<div
    class="c0"
  >
    <span
      class="cds--popover-container cds--popover--caret cds--popover--high-contrast cds--popover--top cds--tooltip cds--icon-tooltip"
    >
      <div
        class="cds--tooltip-trigger__wrapper"
      >
        <button
          aria-labelledby="tooltip-:r11:"
          class="cds--btn--icon-only cds--btn cds--btn--md cds--layout--size-md cds--btn--ghost"
          type="button"
        >
          <svg
            aria-hidden="true"
            class="cds--btn__icon"
            fill="currentColor"
            focusable="false"
            height="16"
            preserveAspectRatio="xMidYMid meet"
            viewBox="0 0 16 16"
            width="16"
            xmlns="http://www.w3.org/2000/svg"
          >
            <path
              d="M6.7 12.3L2.9 8.5 15 8.5 15 7.5 2.9 7.5 6.7 3.7 6 3 1 8 6 13z"
            />
          </svg>
        </button>
      </div>
      <span
        aria-hidden="true"
        class="cds--popover"
        id="tooltip-:r11:"
        role="tooltip"
      >
        <span
          class="cds--popover-content cds--tooltip-content"
        >
          Go Back
        </span>
        <span
          class="cds--popover-caret"
        />
      </span>
    </span>
    <div
      class="c1"
    >
      <h3>
        Create Role
      </h3>
      <p />
    </div>
  </div>
  .c1 {
  width: 48%;
  position: relative;
  margin-top: 1rem;
}

.c1 select {
  background: #ffffff;
}

.c2 {
  color: #525252;
  font-size: 0.75rem;
  font-weight: 400;
  line-height: 1rem;
  letter-spacing: 0.02rem;
}

.c3 {
  margin-top: 0.5rem;
  width: 100%!important;
}

.c3 input {
  background-color: #ffffff;
}

.c0 {
  flex-wrap: wrap;
  padding: 0rem 3rem 1rem 3rem;
  display: flex;
  justify-content: space-between;
  align-items: center;
}

.c4 {
  position: absolute;
  bottom: 0;
  right: 0;
  z-index: 1;
}

<form
    class="cds--form"
  >
    <div
      class="c0"
    >
      <div
        class="c1"
      >
        <div
          class="c2"
        >
          Role Name
        </div>
        <div
          class="c3"
        >
          <div
            class="cds--form-item cds--text-input-wrapper"
          >
            <div
              class="cds--text-input__label-wrapper"
            />
            <div
              class="cds--text-input__field-outer-wrapper"
            >
              <div
                class="cds--text-input__field-wrapper"
              >
                <input
                  class="cds--text-input"
                  name="name"
                  placeholder="Enter role name"
                  required=""
                  title="Enter role name"
                  type="text"
                  value=""
                />
                <span
                  class="cds--text-input__counter-alert"
                  role="alert"
                />
              </div>
            </div>
          </div>
        </div>
      </div>
      <div
        class="c1"
      >
        <div
          class="c2"
        >
          Role Description
        </div>
        <div
          class="c3"
        >
          <div
            class="cds--form-item cds--text-input-wrapper"
          >
            <div
              class="cds--text-input__label-wrapper"
            />
            <div
              class="cds--text-input__field-outer-wrapper"
            >
              <div
                class="cds--text-input__field-wrapper"
              >
                <input
                  class="cds--text-input"
                  name="description"
                  placeholder="Enter role description"
                  title="Enter role description"
                  type="text"
                  value=""
                />
                <span
                  class="cds--text-input__counter-alert"
                  role="alert"
                />
              </div>
            </div>
          </div>
        </div>
      </div>
    </div>
    <div
      class="c0"
    />
    <div
      class="c4"
    >
      <button
        class="cds--btn cds--btn--secondary"
        type="button"
      >
        Cancel
      </button>
      <button
        class="cds--btn cds--btn--primary"
        type="submit"
      >
        Save
      </button>
    </div>
  </form>
</DocumentFragment>
`;

exports[`RoleList render RoleEidt by click 1`] = `<DocumentFragment />`;

exports[`RoleList render RolesList and take snapshot 1`] = `
<DocumentFragment>
  .c1 >h3 {
  color: #FFF;
  font-family: Open Sans;
  font-size: 1.5rem;
  font-style: normal;
  font-weight: 500;
  line-height: 1.75rem;
}

.c1 >p {
  color: #F5F5F5;
  font-family: Open Sans;
  font-size: 0.875rem;
  font-style: normal;
  font-weight: 400;
  line-height: 1.125rem;
}

.c0 {
  padding: 3.75rem 2rem 1rem 0rem;
  background: #222;
  display: flex;
  align-items: center;
}

.c0 button {
  margin-right: 1rem;
}

.c0 button path:not([data-icon-path]):not([fill=none]),
.c0 button .cds--btn__icon {
  fill: #fff!important;
}

<div
    class="c0"
  >
    <span
      class="cds--popover-container cds--popover--caret cds--popover--high-contrast cds--popover--top cds--tooltip cds--icon-tooltip"
    >
      <div
        class="cds--tooltip-trigger__wrapper"
      >
        <button
          aria-labelledby="tooltip-:r0:"
          class="cds--btn--icon-only cds--btn cds--btn--md cds--layout--size-md cds--btn--ghost"
          type="button"
        >
          <svg
            aria-hidden="true"
            class="cds--btn__icon"
            fill="currentColor"
            focusable="false"
            height="16"
            preserveAspectRatio="xMidYMid meet"
            viewBox="0 0 16 16"
            width="16"
            xmlns="http://www.w3.org/2000/svg"
          >
            <path
              d="M6.7 12.3L2.9 8.5 15 8.5 15 7.5 2.9 7.5 6.7 3.7 6 3 1 8 6 13z"
            />
          </svg>
        </button>
      </div>
      <span
        aria-hidden="true"
        class="cds--popover"
        id="tooltip-:r0:"
        role="tooltip"
      >
        <span
          class="cds--popover-content cds--tooltip-content"
        >
          Go Back
        </span>
        <span
          class="cds--popover-caret"
        />
      </span>
    </span>
    <div
      class="c1"
    >
      <h3>
        Roles
      </h3>
      <p>
        List of user roles
      </p>
    </div>
  </div>
  .c0 {
  width: 100%;
  display: flex;
  align-items: center;
  justify-content: end;
}

.c0 .cds--search-magnifier svg {
  fill: #222;
}

<div
    class="c0"
  >
    <a
      href="/admin/roles/create"
    >
      <button
        class="cds--btn cds--btn--primary cds--btn--disabled"
        data-testid="admin-role-add"
        disabled=""
        type="button"
      >
        Add new role
        <svg
          aria-hidden="true"
          class="cds--btn__icon"
          fill="currentColor"
          focusable="false"
          height="16"
          preserveAspectRatio="xMidYMid meet"
          viewBox="0 0 32 32"
          width="16"
          xmlns="http://www.w3.org/2000/svg"
        >
          <path
            d="M17 15L17 8 15 8 15 15 8 15 8 17 15 17 15 24 17 24 17 17 24 17 24 15z"
          />
        </svg>
      </button>
    </a>
  </div>
  .c3 >tr >td {
  background: #FFFFFF;
  color: #474747;
  font-family: Open Sans;
  font-size: 0.875rem;
  font-style: normal;
  font-weight: 400;
  line-height: 1.25rem;
  letter-spacing: 0.01rem;
}

.c2 >tr >th {
  border-top: #E0E0E0;
  border-bottom: #E0E0E0;
  background: #F2F2F2;
}

.c1 {
  min-height: calc(100vh - 10.5rem);
}

.c1 .cds--data-table thead {
  position: sticky;
  top: 0;
  z-index: 1;
}

.c1 .cds--data-table-content {
  overflow-x: initial;
}

.c0 {
  max-height: calc(100vh - 13.5rem);
}

<div
    class="scrollbar-container c0 ps"
  >
    <div
      class="c1"
    >
      <div
        class="cds--data-table-content"
      >
        <table
          aria-label="user-roles-data-table"
          class="cds--data-table cds--data-table--lg"
        >
          <thead
            class="c2"
          >
            <tr>
              <th
                scope="col"
              >
                <div
                  class="cds--table-header-label"
                >
                  Role
                </div>
              </th>
              <th
                scope="col"
              >
                <div
                  class="cds--table-header-label"
                >
                  Category
                </div>
              </th>
              <th
                scope="col"
              >
                <div
                  class="cds--table-header-label"
                >
                  Action
                </div>
              </th>
            </tr>
          </thead>
          <tbody
            aria-live="polite"
            class="c3"
          />
        </table>
      </div>
    </div>
    <div
      class="ps__rail-x"
      style="left: 0px; top: 0px;"
    >
      <div
        class="ps__thumb-x"
        style="left: 0px; width: 0px;"
        tabindex="0"
      />
    </div>
    <div
      class="ps__rail-y"
      style="top: 0px; left: 0px;"
    >
      <div
        class="ps__thumb-y"
        style="top: 0px; height: 0px;"
        tabindex="0"
      />
    </div>
  </div>
  .c0 .cds--popover {
  display: none;
}

<div
    class="cds--pagination cds--pagination--md c0"
  >
    <div
      class="cds--pagination__left"
    >
      <label
        class="cds--pagination__text"
        for="cds-pagination-select-:r6:"
        id="cds-pagination-select-:r6:-count-label"
      >
        Items per page
      </label>
      <div
        class="cds--form-item cds--select__item-count"
      >
        <div
          class="cds--select cds--select--inline"
        >
          <div
            class="cds--select-input--inline__wrapper"
          >
            <div
              class="cds--select-input__wrapper"
            >
              <select
                class="cds--select-input"
                id="cds-pagination-select-:r6:"
                title=""
              >
                <option
                  class="cds--select-option"
                  value="10"
                >
                  10
                </option>
                <option
                  class="cds--select-option"
                  value="20"
                >
                  20
                </option>
                <option
                  class="cds--select-option"
                  value="50"
                >
                  50
                </option>
                <option
                  class="cds--select-option"
                  value="100"
                >
                  100
                </option>
                <option
                  class="cds--select-option"
                  value="500"
                >
                  500
                </option>
              </select>
              <svg
                aria-hidden="true"
                class="cds--select__arrow"
                fill="currentColor"
                focusable="false"
                height="16"
                preserveAspectRatio="xMidYMid meet"
                viewBox="0 0 16 16"
                width="16"
                xmlns="http://www.w3.org/2000/svg"
              >
                <path
                  d="M8 11L3 6 3.7 5.3 8 9.6 12.3 5.3 13 6z"
                />
              </svg>
            </div>
          </div>
        </div>
      </div>
      <span
        class="cds--pagination__text cds--pagination__items-count"
      >
        1–1 of 1 items
      </span>
    </div>
    <div
      class="cds--pagination__right"
    >
      <div
        class="cds--form-item cds--select__page-number"
      >
        <div
          class="cds--select cds--select--inline"
        >
          <label
            class="cds--label cds--visually-hidden"
            for="cds-pagination-select-:r6:-right"
          >
            Page number, of 1 pages
          </label>
          <div
            class="cds--select-input--inline__wrapper"
          >
            <div
              class="cds--select-input__wrapper"
            >
              <select
                class="cds--select-input"
                id="cds-pagination-select-:r6:-right"
                title=""
              >
                <option
                  class="cds--select-option"
                  value="1"
                >
                  1
                </option>
              </select>
              <svg
                aria-hidden="true"
                class="cds--select__arrow"
                fill="currentColor"
                focusable="false"
                height="16"
                preserveAspectRatio="xMidYMid meet"
                viewBox="0 0 16 16"
                width="16"
                xmlns="http://www.w3.org/2000/svg"
              >
                <path
                  d="M8 11L3 6 3.7 5.3 8 9.6 12.3 5.3 13 6z"
                />
              </svg>
            </div>
          </div>
        </div>
      </div>
      <span
        class="cds--pagination__text"
      >
        of 1 page
      </span>
      <div
        class="cds--pagination__control-buttons"
      >
        <span
          class="cds--popover-container cds--popover--caret cds--popover--high-contrast cds--popover--top cds--tooltip cds--icon-tooltip cds--icon-tooltip--disabled"
        >
          <div
            class="cds--tooltip-trigger__wrapper"
          >
            <button
              aria-labelledby="tooltip-:r7:"
              class="cds--btn--icon-only cds--pagination__button cds--pagination__button--backward cds--pagination__button--no-index cds--btn cds--btn--ghost cds--btn--disabled"
              disabled=""
              type="button"
            >
              <svg
                aria-hidden="true"
                fill="currentColor"
                focusable="false"
                height="16"
                preserveAspectRatio="xMidYMid meet"
                viewBox="0 0 32 32"
                width="16"
                xmlns="http://www.w3.org/2000/svg"
              >
                <path
                  d="M20 24L10 16 20 8z"
                />
              </svg>
            </button>
          </div>
          <span
            aria-hidden="true"
            class="cds--popover"
            id="tooltip-:r7:"
            role="tooltip"
          >
            <span
              class="cds--popover-content cds--tooltip-content"
            >
              Previous page
            </span>
            <span
              class="cds--popover-caret"
            />
          </span>
        </span>
        <span
          class="cds--popover-container cds--popover--caret cds--popover--high-contrast cds--popover--top-right cds--tooltip cds--icon-tooltip cds--icon-tooltip--disabled"
        >
          <div
            class="cds--tooltip-trigger__wrapper"
          >
            <button
              aria-labelledby="tooltip-:r9:"
              class="cds--btn--icon-only cds--pagination__button cds--pagination__button--forward cds--pagination__button--no-index cds--btn cds--btn--ghost cds--btn--disabled"
              disabled=""
              type="button"
            >
              <svg
                aria-hidden="true"
                fill="currentColor"
                focusable="false"
                height="16"
                preserveAspectRatio="xMidYMid meet"
                viewBox="0 0 32 32"
                width="16"
                xmlns="http://www.w3.org/2000/svg"
              >
                <path
                  d="M12 8L22 16 12 24z"
                />
              </svg>
            </button>
          </div>
          <span
            aria-hidden="true"
            class="cds--popover"
            id="tooltip-:r9:"
            role="tooltip"
          >
            <span
              class="cds--popover-content cds--tooltip-content"
            >
              Next page
            </span>
            <span
              class="cds--popover-caret"
            />
          </span>
        </span>
      </div>
    </div>
  </div>
</DocumentFragment>
`;
