// Jest Snapshot v1, https://goo.gl/fbAQLP

exports[`School Crud Tab render MainSchoolView 1`] = `
<DocumentFragment>
  .c1 >h3 {
  color: #FFF;
  font-family: Open Sans;
  font-size: 1.5rem;
  font-style: normal;
  font-weight: 500;
  line-height: 1.75rem;
}

.c1 >p {
  color: #F5F5F5;
  font-family: Open Sans;
  font-size: 0.875rem;
  font-style: normal;
  font-weight: 400;
  line-height: 1.125rem;
}

.c0 {
  padding: 3.75rem 2rem 1rem 0rem;
  background: #222;
  display: flex;
  align-items: center;
}

.c0 button {
  margin-right: 1rem;
}

.c0 button path:not([data-icon-path]):not([fill=none]),
.c0 button .cds--btn__icon {
  fill: #fff!important;
}

<div
    class="c0"
  >
    <span
      class="cds--popover-container cds--popover--caret cds--popover--high-contrast cds--popover--top cds--tooltip cds--icon-tooltip"
    >
      <div
        class="cds--tooltip-trigger__wrapper"
      >
        <button
          aria-labelledby="tooltip-:r0:"
          class="cds--btn--icon-only cds--btn cds--btn--md cds--layout--size-md cds--btn--ghost"
          type="button"
        >
          <svg
            aria-hidden="true"
            class="cds--btn__icon"
            fill="currentColor"
            focusable="false"
            height="16"
            preserveAspectRatio="xMidYMid meet"
            viewBox="0 0 16 16"
            width="16"
            xmlns="http://www.w3.org/2000/svg"
          >
            <path
              d="M6.7 12.3L2.9 8.5 15 8.5 15 7.5 2.9 7.5 6.7 3.7 6 3 1 8 6 13z"
            />
          </svg>
        </button>
      </div>
      <span
        aria-hidden="true"
        class="cds--popover"
        id="tooltip-:r0:"
        role="tooltip"
      >
        <span
          class="cds--popover-content cds--tooltip-content"
        >
          Go Back
        </span>
        <span
          class="cds--popover-caret"
        />
      </span>
    </span>
    <div
      class="c1"
    >
      <h3>
        School(s)
      </h3>
      <p>
        Details of school(s)
      </p>
    </div>
  </div>
  .c0 {
  margin-top: 0.1rem;
}

<div
    class="c0"
  >
    <div
      class="cds--tabs"
    >
      <button
        aria-hidden="true"
        aria-label="Scroll left"
        class="cds--tab--overflow-nav-button cds--tab--overflow-nav-button--previous cds--tab--overflow-nav-button--hidden"
        tabindex="-1"
        type="button"
      >
        <svg
          aria-hidden="true"
          fill="currentColor"
          focusable="false"
          height="16"
          preserveAspectRatio="xMidYMid meet"
          viewBox="0 0 16 16"
          width="16"
          xmlns="http://www.w3.org/2000/svg"
        >
          <path
            d="M5 8L10 3 10.7 3.7 6.4 8 10.7 12.3 10 13z"
          />
        </svg>
      </button>
      <div
        aria-label="List of admin schools tabs"
        class="cds--tab--list"
        role="tablist"
      >
        <button
          aria-controls="ccs-:r2:-tabpanel-0"
          aria-selected="true"
          class="cds--tabs__nav-item cds--tabs__nav-link cds--tabs__nav-item--selected"
          data-testid="admin-School-tab"
          id="ccs-:r2:-tab-0"
          role="tab"
          tabindex="0"
          type="button"
        >
          <div
            class="cds--tabs__nav-item-label-wrapper"
          >
            <span
              class="cds--tabs__nav-item-label"
              title="School"
            >
              School
            </span>
            <div
              class="cds--tabs__nav-item--icon cds--visually-hidden"
            >
              <div
                aria-hidden="true"
                class="cds--tabs__nav-item--close-icon cds--visually-hidden"
                tabindex="-1"
                title="Close tab"
              >
                <svg
                  aria-hidden="true"
                  aria-label="Press delete to close tab"
                  fill="currentColor"
                  focusable="false"
                  height="16"
                  preserveAspectRatio="xMidYMid meet"
                  role="img"
                  viewBox="0 0 32 32"
                  width="16"
                  xmlns="http://www.w3.org/2000/svg"
                >
                  <path
                    d="M17.4141 16L24 9.4141 22.5859 8 16 14.5859 9.4143 8 8 9.4141 14.5859 16 8 22.5859 9.4143 24 16 17.4141 22.5859 24 24 22.5859 17.4141 16z"
                  />
                </svg>
              </div>
            </div>
          </div>
        </button>
        <button
          aria-controls="ccs-:r2:-tabpanel-1"
          aria-selected="false"
          class="cds--tabs__nav-item cds--tabs__nav-link"
          data-testid="admin-School Summary-tab"
          id="ccs-:r2:-tab-1"
          role="tab"
          tabindex="-1"
          type="button"
        >
          <div
            class="cds--tabs__nav-item-label-wrapper"
          >
            <span
              class="cds--tabs__nav-item-label"
              title="School Summary"
            >
              School Summary
            </span>
            <div
              class="cds--tabs__nav-item--icon cds--visually-hidden"
            >
              <div
                aria-hidden="true"
                class="cds--tabs__nav-item--close-icon cds--visually-hidden"
                tabindex="-1"
                title="Close tab"
              >
                <svg
                  aria-hidden="true"
                  aria-label="Press delete to close tab"
                  fill="currentColor"
                  focusable="false"
                  height="16"
                  preserveAspectRatio="xMidYMid meet"
                  role="img"
                  viewBox="0 0 32 32"
                  width="16"
                  xmlns="http://www.w3.org/2000/svg"
                >
                  <path
                    d="M17.4141 16L24 9.4141 22.5859 8 16 14.5859 9.4143 8 8 9.4141 14.5859 16 8 22.5859 9.4143 24 16 17.4141 22.5859 24 24 22.5859 17.4141 16z"
                  />
                </svg>
              </div>
            </div>
          </div>
        </button>
        <button
          aria-controls="ccs-:r2:-tabpanel-2"
          aria-selected="false"
          class="cds--tabs__nav-item cds--tabs__nav-link"
          data-testid="admin-School Daily Connectivity Summary-tab"
          id="ccs-:r2:-tab-2"
          role="tab"
          tabindex="-1"
          type="button"
        >
          <div
            class="cds--tabs__nav-item-label-wrapper"
          >
            <span
              class="cds--tabs__nav-item-label"
              title="School Daily Connectivity Summary"
            >
              School Daily Connectivity Summary
            </span>
            <div
              class="cds--tabs__nav-item--icon cds--visually-hidden"
            >
              <div
                aria-hidden="true"
                class="cds--tabs__nav-item--close-icon cds--visually-hidden"
                tabindex="-1"
                title="Close tab"
              >
                <svg
                  aria-hidden="true"
                  aria-label="Press delete to close tab"
                  fill="currentColor"
                  focusable="false"
                  height="16"
                  preserveAspectRatio="xMidYMid meet"
                  role="img"
                  viewBox="0 0 32 32"
                  width="16"
                  xmlns="http://www.w3.org/2000/svg"
                >
                  <path
                    d="M17.4141 16L24 9.4141 22.5859 8 16 14.5859 9.4143 8 8 9.4141 14.5859 16 8 22.5859 9.4143 24 16 17.4141 22.5859 24 24 22.5859 17.4141 16z"
                  />
                </svg>
              </div>
            </div>
          </div>
        </button>
        <button
          aria-controls="ccs-:r2:-tabpanel-3"
          aria-selected="false"
          class="cds--tabs__nav-item cds--tabs__nav-link"
          data-testid="admin-File Import-tab"
          id="ccs-:r2:-tab-3"
          role="tab"
          tabindex="-1"
          type="button"
        >
          <div
            class="cds--tabs__nav-item-label-wrapper"
          >
            <span
              class="cds--tabs__nav-item-label"
              title="File Import"
            >
              File Import
            </span>
            <div
              class="cds--tabs__nav-item--icon cds--visually-hidden"
            >
              <div
                aria-hidden="true"
                class="cds--tabs__nav-item--close-icon cds--visually-hidden"
                tabindex="-1"
                title="Close tab"
              >
                <svg
                  aria-hidden="true"
                  aria-label="Press delete to close tab"
                  fill="currentColor"
                  focusable="false"
                  height="16"
                  preserveAspectRatio="xMidYMid meet"
                  role="img"
                  viewBox="0 0 32 32"
                  width="16"
                  xmlns="http://www.w3.org/2000/svg"
                >
                  <path
                    d="M17.4141 16L24 9.4141 22.5859 8 16 14.5859 9.4143 8 8 9.4141 14.5859 16 8 22.5859 9.4143 24 16 17.4141 22.5859 24 24 22.5859 17.4141 16z"
                  />
                </svg>
              </div>
            </div>
          </div>
        </button>
      </div>
      <button
        aria-hidden="true"
        aria-label="Scroll right"
        class="cds--tab--overflow-nav-button cds--tab--overflow-nav-button--next cds--tab--overflow-nav-button--hidden"
        tabindex="-1"
        type="button"
      >
        <svg
          aria-hidden="true"
          fill="currentColor"
          focusable="false"
          height="16"
          preserveAspectRatio="xMidYMid meet"
          viewBox="0 0 16 16"
          width="16"
          xmlns="http://www.w3.org/2000/svg"
        >
          <path
            d="M11 8L6 13 5.3 12.3 9.6 8 5.3 3.7 6 3z"
          />
        </svg>
      </button>
    </div>
  </div>
  .c4 >tr >th {
  border-top: #E0E0E0;
  border-bottom: #E0E0E0;
  background: #F2F2F2;
}

.c3 {
  min-height: calc(100vh - 10.5rem);
}

.c3 .cds--data-table thead {
  position: sticky;
  top: 0;
  z-index: 1;
}

.c3 .cds--data-table-content {
  overflow-x: initial;
}

.c1 {
  background-color: #ffffff;
}

.c0 {
  padding: 0;
}

.c0 .cds--search-magnifier-icon {
  fill: #222;
}

.c0 .import-csv-button {
  margin-right: 0.2rem;
}

.c2 {
  max-height: calc(100vh - 16rem);
}

<div
    class="c0 cds--data-table-container"
  >
    <section
      aria-label="data table toolbar"
      class="cds--table-toolbar"
    >
      <div
        aria-hidden="true"
        class="cds--batch-actions"
      >
        <div
          class="cds--batch-summary"
        >
          <p
            class="cds--batch-summary__para"
          >
            <span>
              0 items selected
            </span>
          </p>
        </div>
        <div
          class="cds--action-list"
        >
          <button
            class="cds--btn cds--btn--primary"
            id="delete-selected-School"
            type="button"
          >
            Delete
            <svg
              aria-hidden="true"
              aria-label="Add"
              class="cds--btn__icon"
              fill="currentColor"
              focusable="false"
              height="16"
              preserveAspectRatio="xMidYMid meet"
              role="img"
              viewBox="0 0 32 32"
              width="16"
              xmlns="http://www.w3.org/2000/svg"
            >
              <path
                d="M12 12H14V24H12zM18 12H20V24H18z"
              />
              <path
                d="M4 6V8H6V28a2 2 0 002 2H24a2 2 0 002-2V8h2V6zM8 28V8H24V28zM12 2H20V4H12z"
              />
            </svg>
          </button>
          <button
            class="cds--batch-summary__cancel cds--btn cds--btn--primary"
            tabindex="-1"
            type="button"
          >
            Cancel
          </button>
        </div>
      </div>
      <div
        aria-hidden="false"
        class="cds--toolbar-content c1"
      >
        <div
          aria-label="Filter table"
          class="cds--search cds--search--lg cds--toolbar-search-container-expandable"
          role="search"
        >
          <div
            class="cds--search-magnifier"
            tabindex="-1"
          >
            <svg
              aria-hidden="true"
              class="cds--search-magnifier-icon"
              fill="currentColor"
              focusable="false"
              height="16"
              preserveAspectRatio="xMidYMid meet"
              viewBox="0 0 16 16"
              width="16"
              xmlns="http://www.w3.org/2000/svg"
            >
              <path
                d="M15,14.3L10.7,10c1.9-2.3,1.6-5.8-0.7-7.7S4.2,0.7,2.3,3S0.7,8.8,3,10.7c2,1.7,5,1.7,7,0l4.3,4.3L15,14.3z M2,6.5 C2,4,4,2,6.5,2S11,4,11,6.5S9,11,6.5,11S2,9,2,6.5z"
              />
            </svg>
          </div>
          <label
            class="cds--label"
            for="1"
            id="1-search"
          >
            Filter table
          </label>
          <input
            autocomplete="off"
            class="cds--search-input"
            id="1"
            placeholder="Filter table"
            role="searchbox"
            tabindex="0"
            type="text"
            value=""
          />
          <button
            aria-label="Clear search input"
            class="cds--search-close cds--search-close--hidden"
            title="Clear search input"
            type="button"
          >
            <svg
              aria-hidden="true"
              fill="currentColor"
              focusable="false"
              height="16"
              preserveAspectRatio="xMidYMid meet"
              viewBox="0 0 32 32"
              width="16"
              xmlns="http://www.w3.org/2000/svg"
            >
              <path
                d="M17.4141 16L24 9.4141 22.5859 8 16 14.5859 9.4143 8 8 9.4141 14.5859 16 8 22.5859 9.4143 24 16 17.4141 22.5859 24 24 22.5859 17.4141 16z"
              />
            </svg>
          </button>
        </div>
        <button
          class="cds--btn cds--btn--secondary"
          type="button"
        >
          Search
        </button>
        <span
          class="cds--overflow-menu__wrapper"
        >
          <span
            class="cds--popover-container cds--popover--caret cds--popover--high-contrast cds--popover--top cds--tooltip cds--icon-tooltip"
          >
            <div
              class="cds--tooltip-trigger__wrapper"
            >
              <button
                aria-expanded="false"
                aria-haspopup="true"
                aria-labelledby="tooltip-:r8:"
                class="cds--btn--icon-only cds--toolbar-action cds--overflow-menu cds--overflow-menu cds--overflow-menu--md cds--btn cds--btn--md cds--layout--size-md cds--btn--primary"
                title="Settings"
                type="button"
              >
                <svg
                  aria-label="Settings"
                  class="cds--overflow-menu__icon"
                  fill="currentColor"
                  focusable="false"
                  height="16"
                  preserveAspectRatio="xMidYMid meet"
                  role="img"
                  viewBox="0 0 32 32"
                  width="16"
                  xmlns="http://www.w3.org/2000/svg"
                >
                  <path
                    d="M18,28H14a2,2,0,0,1-2-2V18.41L4.59,11A2,2,0,0,1,4,9.59V6A2,2,0,0,1,6,4H26a2,2,0,0,1,2,2V9.59A2,2,0,0,1,27.41,11L20,18.41V26A2,2,0,0,1,18,28ZM6,6V9.59l8,8V26h4V17.59l8-8V6Z"
                  />
                </svg>
              </button>
            </div>
            <span
              aria-hidden="true"
              class="cds--popover"
              id="tooltip-:r8:"
              role="tooltip"
            >
              <span
                class="cds--popover-content cds--tooltip-content"
              >
                Settings
              </span>
              <span
                class="cds--popover-caret"
              />
            </span>
          </span>
        </span>
        <button
          class="import-csv-button cds--btn cds--btn--primary"
          id="admin-import-csv"
          tabindex="0"
          type="button"
        >
          Import CSV
          <svg
            aria-hidden="true"
            class="cds--btn__icon"
            fill="currentColor"
            focusable="false"
            height="16"
            preserveAspectRatio="xMidYMid meet"
            viewBox="0 0 16 16"
            width="16"
            xmlns="http://www.w3.org/2000/svg"
          >
            <path
              d="M3 9L3.7 9.7 7.5 5.9 7.5 15 8.5 15 8.5 5.9 12.3 9.7 13 9 8 4zM3 4V2h10v2h1V2c0-.6-.4-1-1-1H3C2.4 1 2 1.4 2 2v2H3z"
            />
          </svg>
        </button>
      </div>
    </section>
    <div
      class="scrollbar-container c2 ps"
    >
      <div
        class="c3"
      >
        <div
          class="cds--data-table-content"
        >
          <table
            aria-label="sample table"
            class="cds--data-table cds--data-table--lg"
          >
            <thead
              class="c4"
            >
              <tr>
                <th
                  class="cds--table-column-checkbox"
                  scope="col"
                >
                  <div
                    class="cds--checkbox--inline"
                  >
                    <input
                      class="cds--checkbox"
                      id="data-table-1__select-all"
                      name="select-all"
                      type="checkbox"
                    />
                    <label
                      class="cds--checkbox-label"
                      for="data-table-1__select-all"
                    >
                      <span
                        class="cds--visually-hidden"
                      >
                        Select all rows
                      </span>
                    </label>
                  </div>
                </th>
                <th
                  scope="col"
                >
                  <div
                    class="cds--table-header-label"
                  >
                    School Name
                  </div>
                </th>
                <th
                  scope="col"
                >
                  <div
                    class="cds--table-header-label"
                  >
                    Country
                  </div>
                </th>
                <th
                  scope="col"
                >
                  <div
                    class="cds--table-header-label"
                  >
                    GigaId School
                  </div>
                </th>
                <th
                  scope="col"
                >
                  <div
                    class="cds--table-header-label"
                  >
                    Address
                  </div>
                </th>
                <th
                  scope="col"
                >
                  <div
                    class="cds--table-header-label"
                  >
                    Education Level
                  </div>
                </th>
                <th
                  scope="col"
                >
                  <div
                    class="cds--table-header-label"
                  >
                    School Type
                  </div>
                </th>
                <th
                  scope="col"
                >
                  <div
                    class="cds--table-header-label"
                  >
                    Education level Regional
                  </div>
                </th>
                <th
                  scope="col"
                >
                  <div
                    class="cds--table-header-label"
                  >
                    Action
                  </div>
                </th>
              </tr>
            </thead>
            <tbody>
              <tr>
                <td
                  style="background: rgb(255, 255, 255);"
                />
                <td
                  style="background: rgb(255, 255, 255);"
                />
                <td
                  style="background: rgb(255, 255, 255);"
                />
                <td
                  style="background: rgb(255, 255, 255);"
                />
                <td
                  style="background: rgb(255, 255, 255);"
                />
                <td
                  style="background: rgb(255, 255, 255); min-width: 11rem;"
                >
                  no data available
                </td>
                <td
                  style="background: rgb(255, 255, 255);"
                />
                <td
                  style="background: rgb(255, 255, 255);"
                />
                <td
                  style="background: rgb(255, 255, 255);"
                />
              </tr>
            </tbody>
          </table>
        </div>
      </div>
      <div
        class="ps__rail-x"
        style="left: 0px; top: 0px;"
      >
        <div
          class="ps__thumb-x"
          style="left: 0px; width: 0px;"
          tabindex="0"
        />
      </div>
      <div
        class="ps__rail-y"
        style="top: 0px; left: 0px;"
      >
        <div
          class="ps__thumb-y"
          style="top: 0px; height: 0px;"
          tabindex="0"
        />
      </div>
    </div>
  </div>
  .c0 .cds--popover {
  display: none;
}

<div
    class="cds--pagination cds--pagination--md c0"
  >
    <div
      class="cds--pagination__left"
    >
      <label
        class="cds--pagination__text"
        for="cds-pagination-select-:rj:"
        id="cds-pagination-select-:rj:-count-label"
      >
        Items per page
      </label>
      <div
        class="cds--form-item cds--select__item-count"
      >
        <div
          class="cds--select cds--select--inline"
        >
          <div
            class="cds--select-input--inline__wrapper"
          >
            <div
              class="cds--select-input__wrapper"
            >
              <select
                class="cds--select-input"
                id="cds-pagination-select-:rj:"
                title=""
              >
                <option
                  class="cds--select-option"
                  value="10"
                >
                  10
                </option>
                <option
                  class="cds--select-option"
                  value="20"
                >
                  20
                </option>
                <option
                  class="cds--select-option"
                  value="50"
                >
                  50
                </option>
                <option
                  class="cds--select-option"
                  value="100"
                >
                  100
                </option>
                <option
                  class="cds--select-option"
                  value="500"
                >
                  500
                </option>
              </select>
              <svg
                aria-hidden="true"
                class="cds--select__arrow"
                fill="currentColor"
                focusable="false"
                height="16"
                preserveAspectRatio="xMidYMid meet"
                viewBox="0 0 16 16"
                width="16"
                xmlns="http://www.w3.org/2000/svg"
              >
                <path
                  d="M8 11L3 6 3.7 5.3 8 9.6 12.3 5.3 13 6z"
                />
              </svg>
            </div>
          </div>
        </div>
      </div>
      <span
        class="cds--pagination__text cds--pagination__items-count"
      >
        1–1 of 1 items
      </span>
    </div>
    <div
      class="cds--pagination__right"
    >
      <div
        class="cds--form-item cds--select__page-number"
      >
        <div
          class="cds--select cds--select--inline"
        >
          <label
            class="cds--label cds--visually-hidden"
            for="cds-pagination-select-:rj:-right"
          >
            Page number, of 1 pages
          </label>
          <div
            class="cds--select-input--inline__wrapper"
          >
            <div
              class="cds--select-input__wrapper"
            >
              <select
                class="cds--select-input"
                id="cds-pagination-select-:rj:-right"
                title=""
              >
                <option
                  class="cds--select-option"
                  value="1"
                >
                  1
                </option>
              </select>
              <svg
                aria-hidden="true"
                class="cds--select__arrow"
                fill="currentColor"
                focusable="false"
                height="16"
                preserveAspectRatio="xMidYMid meet"
                viewBox="0 0 16 16"
                width="16"
                xmlns="http://www.w3.org/2000/svg"
              >
                <path
                  d="M8 11L3 6 3.7 5.3 8 9.6 12.3 5.3 13 6z"
                />
              </svg>
            </div>
          </div>
        </div>
      </div>
      <span
        class="cds--pagination__text"
      >
        of 1 page
      </span>
      <div
        class="cds--pagination__control-buttons"
      >
        <span
          class="cds--popover-container cds--popover--caret cds--popover--high-contrast cds--popover--top cds--tooltip cds--icon-tooltip cds--icon-tooltip--disabled"
        >
          <div
            class="cds--tooltip-trigger__wrapper"
          >
            <button
              aria-labelledby="tooltip-:rk:"
              class="cds--btn--icon-only cds--pagination__button cds--pagination__button--backward cds--pagination__button--no-index cds--btn cds--btn--ghost cds--btn--disabled"
              disabled=""
              type="button"
            >
              <svg
                aria-hidden="true"
                fill="currentColor"
                focusable="false"
                height="16"
                preserveAspectRatio="xMidYMid meet"
                viewBox="0 0 32 32"
                width="16"
                xmlns="http://www.w3.org/2000/svg"
              >
                <path
                  d="M20 24L10 16 20 8z"
                />
              </svg>
            </button>
          </div>
          <span
            aria-hidden="true"
            class="cds--popover"
            id="tooltip-:rk:"
            role="tooltip"
          >
            <span
              class="cds--popover-content cds--tooltip-content"
            >
              Previous page
            </span>
            <span
              class="cds--popover-caret"
            />
          </span>
        </span>
        <span
          class="cds--popover-container cds--popover--caret cds--popover--high-contrast cds--popover--top-right cds--tooltip cds--icon-tooltip cds--icon-tooltip--disabled"
        >
          <div
            class="cds--tooltip-trigger__wrapper"
          >
            <button
              aria-labelledby="tooltip-:rm:"
              class="cds--btn--icon-only cds--pagination__button cds--pagination__button--forward cds--pagination__button--no-index cds--btn cds--btn--ghost cds--btn--disabled"
              disabled=""
              type="button"
            >
              <svg
                aria-hidden="true"
                fill="currentColor"
                focusable="false"
                height="16"
                preserveAspectRatio="xMidYMid meet"
                viewBox="0 0 32 32"
                width="16"
                xmlns="http://www.w3.org/2000/svg"
              >
                <path
                  d="M12 8L22 16 12 24z"
                />
              </svg>
            </button>
          </div>
          <span
            aria-hidden="true"
            class="cds--popover"
            id="tooltip-:rm:"
            role="tooltip"
          >
            <span
              class="cds--popover-content cds--tooltip-content"
            >
              Next page
            </span>
            <span
              class="cds--popover-caret"
            />
          </span>
        </span>
      </div>
    </div>
  </div>
  .c3 {
  color: #525252;
  font-size: 0.75rem;
  font-weight: 400;
  line-height: 1rem;
  letter-spacing: 0.02rem;
}

.c4 {
  display: flex;
  flex-direction: column;
  margin-top: 1rem;
}

.c4 .amenities-checkbox {
  display: flex;
  flex-direction: row;
  margin-top: 0.5rem;
}

.c4 .amenities-checkbox .cds--checkbox-label-text {
  font-size: 12px;
  font-weight: 400;
  line-height: 18px;
}

.c0 >.cds--modal-container {
  background: #383838;
  width: 38rem;
  height: auto;
  background: #fff;
}

.c0 >.cds--modal-container button svg {
  fill: #222!important;
}

.c0 >.cds--modal-container .cds--modal-close:hover {
  background-color: transparent!important;
}

.c1 >h3 {
  color: #161616;
  font-weight: 500;
}

.c1 button svg {
  fill: #fff;
}

.c1 .giga-text {
  display: flex;
  color: #fff;
  font-size: 2.4rem;
  font-weight: bolder;
}

.c1 .giga-text span:first-child {
  font-weight: 100;
}

.c1 .cds--modal-close:hover {
  background-color: #181818;
}

.c2 {
  margin-bottom: 1.5rem;
}

.c2 .field-wrapper span {
  color: #fff;
  font-size: 0.875rem;
  font-weight: 400;
  line-height: 1.25rem;
}

.c2 .field-wrapper input {
  background: #474747;
  color: #fff;
  border: none;
}

.c2 .share-icons-container span {
  color: #fff;
}

.c2 .share-icons-container .social-share-icons svg {
  fill: #fff;
}

.c5 {
  display: flex;
  height: 3rem;
  justify-content: flex-end;
  margin-top: auto;
  grid-column: 1/-1;
  grid-row: -1/-1;
}

.c5 .cds--btn.cds--btn--secondary {
  padding: 0.75rem;
  color: #fff;
  font-family: Open Sans;
  font-size: 0.875rem;
  font-style: normal;
  font-weight: 400;
  line-height: 1.125rem;
  display: flex;
  justify-content: space-between;
  align-items: center;
  align-self: stretch;
  height: 3rem;
  box-shadow: none;
  background: #616161;
}

.c5 .cds--btn.cds--btn--primary {
  padding: 0.75rem;
  color: #fff;
  font-family: Open Sans;
  font-size: 0.875rem;
  font-style: normal;
  font-weight: 400;
  line-height: 1.125rem;
  display: flex;
  justify-content: space-between;
  align-items: center;
  align-self: stretch;
  height: 3rem;
  box-shadow: none;
}

<div
    aria-hidden="true"
    class="cds--modal c0"
    id="import-csv-filter-modal"
    role="presentation"
  >
    <div
      aria-modal="true"
      class="cds--modal-container"
      role="dialog"
    >
      <button
        class="cds--visually-hidden"
        type="button"
      >
        Focus sentinel
      </button>
      <div
        class="cds--modal-container-body"
      >
        <div
          class="cds--modal-header c1"
        >
          <h3
            class="cds--modal-header__heading cds--type-beta"
          >
            CSV import
          </h3>
          <button
            aria-label="Close"
            class="cds--modal-close"
            title="Close"
            type="button"
          >
            <svg
              aria-hidden="true"
              class="cds--modal-close__icon"
              fill="currentColor"
              focusable="false"
              height="20"
              preserveAspectRatio="xMidYMid meet"
              viewBox="0 0 32 32"
              width="20"
              xmlns="http://www.w3.org/2000/svg"
            >
              <path
                d="M17.4141 16L24 9.4141 22.5859 8 16 14.5859 9.4143 8 8 9.4141 14.5859 16 8 22.5859 9.4143 24 16 17.4141 22.5859 24 24 22.5859 17.4141 16z"
              />
            </svg>
          </button>
        </div>
        <form
          autocomplete="off"
          class="cds--form"
          id="formElemImportCsv"
        >
          <div
            class="cds--modal-content c2"
          >
            <div
              class="c3"
            >
              CSV file
            </div>
            <input
              id="fileInput"
              required=""
              style="margin-top: 1rem; padding-left: 0px;"
              type="file"
            />
            <div
              class="9 c4"
            >
              <div
                class="amenities-checkbox"
              >
                <div
                  class="cds--form-item cds--checkbox-wrapper"
                >
                  <input
                    class="cds--checkbox"
                    id="checkbox-label-1"
                    name="force"
                    type="checkbox"
                  />
                  <label
                    class="cds--checkbox-label"
                    for="checkbox-label-1"
                    title=""
                  >
                    <span
                      class="cds--checkbox-label-text"
                    >
                      Skip rows with bad data
                    </span>
                  </label>
                  <div
                    class="cds--checkbox__validation-msg"
                  />
                </div>
              </div>
            </div>
          </div>
          <div
            class="cds--modal-footer c5 cds--btn-set"
          >
            <button
              class="cds--btn cds--btn--secondary"
              type="button"
            >
              Cancel
            </button>
            <button
              class="cds--btn cds--btn--primary"
              type="submit"
            >
              Submit
            </button>
          </div>
        </form>
      </div>
      <button
        class="cds--visually-hidden"
        type="button"
      >
        Focus sentinel
      </button>
    </div>
  </div>
  .c2 {
  padding: 0rem 1rem 0.5rem 1rem;
}

.c0 >.cds--modal-container {
  background: #383838;
  display: grid;
  overflow: hidden;
  background-color: var(--cds-layer);
  grid-template-columns: 100%;
  grid-template-rows: auto 1fr auto;
  outline: 3px solid transparent;
  outline-offset: -3px;
  transform-origin: top center;
  width: 15rem;
  max-height: 100%;
  position: absolute;
  right: 0;
  height: 100%;
  bottom: 0;
  top: auto;
  background: #fff;
}

.c0 >.cds--modal-container button svg {
  fill: #222!important;
}

.c0 >.cds--modal-container .cds--modal-close:hover {
  background-color: transparent!important;
}

.c1 >h3 {
  color: #161616;
  font-weight: 500;
}

.c1 button svg {
  fill: #fff;
}

.c1 .giga-text {
  display: flex;
  color: #fff;
  font-size: 2.4rem;
  font-weight: bolder;
}

.c1 .giga-text span:first-child {
  font-weight: 100;
}

.c1 .cds--modal-close:hover {
  background-color: #181818;
}

.c3 {
  display: flex;
  height: 3rem;
  justify-content: flex-end;
  margin-top: auto;
  grid-column: 1/-1;
  grid-row: -1/-1;
}

.c3 .cds--btn.cds--btn--secondary {
  padding: 0.75rem;
  color: #fff;
  font-family: Open Sans;
  font-size: 0.875rem;
  font-style: normal;
  font-weight: 400;
  line-height: 1.125rem;
  display: flex;
  justify-content: space-between;
  align-items: center;
  align-self: stretch;
  height: 3rem;
  box-shadow: none;
  background: #616161;
}

.c3 .cds--btn.cds--btn--primary {
  padding: 0.75rem;
  color: #fff;
  font-family: Open Sans;
  font-size: 0.875rem;
  font-style: normal;
  font-weight: 400;
  line-height: 1.125rem;
  display: flex;
  justify-content: space-between;
  align-items: center;
  align-self: stretch;
  height: 3rem;
  box-shadow: none;
}

<div
    aria-hidden="true"
    class="cds--modal c0"
    id="school-list-filter-modal"
    role="presentation"
  >
    <div
      aria-modal="true"
      class="cds--modal-container"
      role="dialog"
    >
      <button
        class="cds--visually-hidden"
        type="button"
      >
        Focus sentinel
      </button>
      <div
        class="cds--modal-container-body"
      >
        <div
          class="cds--modal-header c1"
        >
          <h3
            class="cds--modal-header__heading cds--type-beta"
          >
            Filter By Country
          </h3>
          <button
            aria-label="Close"
            class="cds--modal-close"
            title="Close"
            type="button"
          >
            <svg
              aria-hidden="true"
              class="cds--modal-close__icon"
              fill="currentColor"
              focusable="false"
              height="20"
              preserveAspectRatio="xMidYMid meet"
              viewBox="0 0 32 32"
              width="20"
              xmlns="http://www.w3.org/2000/svg"
            >
              <path
                d="M17.4141 16L24 9.4141 22.5859 8 16 14.5859 9.4143 8 8 9.4141 14.5859 16 8 22.5859 9.4143 24 16 17.4141 22.5859 24 24 22.5859 17.4141 16z"
              />
            </svg>
          </button>
        </div>
        <div
          class="scrollbar-container ps"
          style="max-height: calc(100vh - 6rem);"
        >
          <fieldset
            class="cds--checkbox-group c2"
          >
            <legend
              class="cds--label"
            />
            <div
              class="cds--checkbox-group__validation-msg"
            />
          </fieldset>
          <div
            class="ps__rail-x"
            style="left: 0px; top: 0px;"
          >
            <div
              class="ps__thumb-x"
              style="left: 0px; width: 0px;"
              tabindex="0"
            />
          </div>
          <div
            class="ps__rail-y"
            style="top: 0px; left: 0px;"
          >
            <div
              class="ps__thumb-y"
              style="top: 0px; height: 0px;"
              tabindex="0"
            />
          </div>
        </div>
        <div
          class="cds--modal-footer c3 cds--btn-set"
        >
          <button
            class="cds--btn cds--btn--secondary"
            data-testid="reset-country-filter"
            type="button"
          >
            Reset
          </button>
          <button
            class="cds--btn cds--btn--primary"
            type="button"
          >
            Apply
          </button>
        </div>
      </div>
      <button
        class="cds--visually-hidden"
        type="button"
      >
        Focus sentinel
      </button>
    </div>
  </div>
</DocumentFragment>
`;
