// Jest Snapshot v1, https://goo.gl/fbAQLP

exports[`Admin Filter should render component 1`] = `[Function]`;

exports[`Admin Filter should render component 2`] = `[Function]`;

exports[`Admin Filter should render component 3`] = `[Function]`;
