// Jest Snapshot v1, https://goo.gl/fbAQLP

exports[`FilterRangeFields renders FilterCommonFields and take a snapshop, edit mode true 1`] = `
<DocumentFragment>
  .c0 {
  color: #c0c0c0;
  margin-top: 1rem;
  margin-bottom: 0.5rem;
  font-size: 0.75rem;
}

.c0.center-items {
  display: flex;
  align-items: center;
  justify-content: space-between;
}

.c0 .cds--radio-button:checked+.cds--radio-button__label .cds--radio-button__appearance::before {
  background-color: #c0c0c0;
}

.c0 .cds--checkbox-label::before,
.c0 .cds--radio-button__appearance,
.c0 .cds--radio-button:checked+.cds--radio-button__label .cds--radio-button__appearance {
  border-color: #c0c0c0;
}

.c0 .cds--label {
  color: #c0c0c0;
}

.c0 .cds--btn--ghost.cds--btn--icon-only .cds--btn__icon path:not([data-icon-path]):not([fill=none]),
.c0 .cds--btn--ghost.cds--btn--icon-only .cds--btn__icon {
  fill: #c0c0c0;
}

<div
    class="c0"
  >
    Unique Code
  </div>
  .c0 .cds--text-input {
  background: #333333;
  color: #f5f5f5;
}

.c0 .cds--text-input::placeholder {
  color: #f5f5f5;
}

.c0 .cds--text-input:disabled {
  color: #f5f5f5;
  -webkit-text-fill-color: #f5f5f5;
  opacity: 0.4;
}

.c0 input:-webkit-autofill,
.c0 input:-webkit-autofill:hover,
.c0 input:-webkit-autofill:focus,
.c0 textarea:-webkit-autofill,
.c0 textarea:-webkit-autofill:hover,
.c0 textarea:-webkit-autofill:focus {
  box-shadow: 0 0 0 1000px #333333 inset;
  -webkit-text-fill-color: #f5f5f5;
}

<div
    class="cds--form-item c0 cds--text-input-wrapper"
  >
    <div
      class="cds--text-input__label-wrapper"
    />
    <div
      class="cds--text-input__field-outer-wrapper"
    >
      <div
        class="cds--text-input__field-wrapper"
      >
        <input
          class="cds--text-input"
          disabled=""
          id="layer-code"
          name="code"
          placeholder="Enter layer unique code"
          required=""
          title="Enter layer unique code"
          type="text"
        />
        <span
          class="cds--text-input__counter-alert"
          role="alert"
        />
      </div>
    </div>
  </div>
  .c0 {
  margin-top: 0.5rem;
}

.c0 .cds--label {
  color: #c0c0c0;
}

.c0 .cds--select-input {
  background: #333333;
  color: #f5f5f5;
}

.c0 .cds--list-box__label {
  color: #f5f5f5;
}

.c0 svg {
  fill: #f5f5f5;
}

<div
    class="cds--form-item c0"
  >
    <div
      class="cds--select"
    >
      <label
        class="cds--label"
        for="parameter-select"
      >
        Parameter
      </label>
      <div
        class="cds--select-input__wrapper"
      >
        <select
          class="cds--select-input"
          id="parameter-select"
          name="column_configuration"
          placeholder="Choose parameter type"
          required=""
          title=""
        >
          <option
            class="cds--select-option"
            value=""
          >
            Choose parameter
          </option>
        </select>
        <svg
          aria-hidden="true"
          class="cds--select__arrow"
          fill="currentColor"
          focusable="false"
          height="16"
          preserveAspectRatio="xMidYMid meet"
          viewBox="0 0 16 16"
          width="16"
          xmlns="http://www.w3.org/2000/svg"
        >
          <path
            d="M8 11L3 6 3.7 5.3 8 9.6 12.3 5.3 13 6z"
          />
        </svg>
      </div>
    </div>
  </div>
  .c0 {
  margin-top: 0.5rem;
}

.c0 .cds--label {
  color: #c0c0c0;
}

.c0 .cds--select-input {
  background: #333333;
  color: #f5f5f5;
}

.c0 .cds--list-box__label {
  color: #f5f5f5;
}

.c0 svg {
  fill: #f5f5f5;
}

<div
    class="cds--form-item c0"
  >
    <div
      class="cds--select"
    >
      <label
        class="cds--label"
        for="filter-type-select"
      >
        Filter type
      </label>
      <div
        class="cds--select-input__wrapper"
      >
        <select
          class="cds--select-input"
          id="filter-type-select"
          name="type"
          placeholder="Choose filter type"
          required=""
          title=""
        >
          <option
            class="cds--select-option"
            value=""
          >
            Choose filter type
          </option>
        </select>
        <svg
          aria-hidden="true"
          class="cds--select__arrow"
          fill="currentColor"
          focusable="false"
          height="16"
          preserveAspectRatio="xMidYMid meet"
          viewBox="0 0 16 16"
          width="16"
          xmlns="http://www.w3.org/2000/svg"
        >
          <path
            d="M8 11L3 6 3.7 5.3 8 9.6 12.3 5.3 13 6z"
          />
        </svg>
      </div>
    </div>
  </div>
  .c0 {
  color: #c0c0c0;
  margin-top: 1rem;
  margin-bottom: 0.5rem;
  font-size: 0.75rem;
}

.c0.center-items {
  display: flex;
  align-items: center;
  justify-content: space-between;
}

.c0 .cds--radio-button:checked+.cds--radio-button__label .cds--radio-button__appearance::before {
  background-color: #c0c0c0;
}

.c0 .cds--checkbox-label::before,
.c0 .cds--radio-button__appearance,
.c0 .cds--radio-button:checked+.cds--radio-button__label .cds--radio-button__appearance {
  border-color: #c0c0c0;
}

.c0 .cds--label {
  color: #c0c0c0;
}

.c0 .cds--btn--ghost.cds--btn--icon-only .cds--btn__icon path:not([data-icon-path]):not([fill=none]),
.c0 .cds--btn--ghost.cds--btn--icon-only .cds--btn__icon {
  fill: #c0c0c0;
}

<div
    class="c0"
  >
    Filter name
  </div>
  .c0 .cds--text-input {
  background: #333333;
  color: #f5f5f5;
}

.c0 .cds--text-input::placeholder {
  color: #f5f5f5;
}

.c0 .cds--text-input:disabled {
  color: #f5f5f5;
  -webkit-text-fill-color: #f5f5f5;
  opacity: 0.4;
}

.c0 input:-webkit-autofill,
.c0 input:-webkit-autofill:hover,
.c0 input:-webkit-autofill:focus,
.c0 textarea:-webkit-autofill,
.c0 textarea:-webkit-autofill:hover,
.c0 textarea:-webkit-autofill:focus {
  box-shadow: 0 0 0 1000px #333333 inset;
  -webkit-text-fill-color: #f5f5f5;
}

<div
    class="cds--form-item c0 cds--text-input-wrapper"
  >
    <div
      class="cds--text-input__label-wrapper"
    />
    <div
      class="cds--text-input__field-outer-wrapper"
    >
      <div
        class="cds--text-input__field-wrapper"
      >
        <input
          class="cds--text-input"
          id="filter-name"
          name="name"
          placeholder="Enter filter name"
          required=""
          title="Enter filter name"
          type="text"
        />
        <span
          class="cds--text-input__counter-alert"
          role="alert"
        />
      </div>
    </div>
  </div>
  .c0 {
  color: #c0c0c0;
  margin-top: 1rem;
  margin-bottom: 0.5rem;
  font-size: 0.75rem;
}

.c0.center-items {
  display: flex;
  align-items: center;
  justify-content: space-between;
}

.c0 .cds--radio-button:checked+.cds--radio-button__label .cds--radio-button__appearance::before {
  background-color: #c0c0c0;
}

.c0 .cds--checkbox-label::before,
.c0 .cds--radio-button__appearance,
.c0 .cds--radio-button:checked+.cds--radio-button__label .cds--radio-button__appearance {
  border-color: #c0c0c0;
}

.c0 .cds--label {
  color: #c0c0c0;
}

.c0 .cds--btn--ghost.cds--btn--icon-only .cds--btn__icon path:not([data-icon-path]):not([fill=none]),
.c0 .cds--btn--ghost.cds--btn--icon-only .cds--btn__icon {
  fill: #c0c0c0;
}

<div
    class="c0"
  >
    Filter description
  </div>
  .c0 .cds--text-input {
  background: #333333;
  color: #f5f5f5;
}

.c0 .cds--text-input::placeholder {
  color: #f5f5f5;
}

.c0 .cds--text-input:disabled {
  color: #f5f5f5;
  -webkit-text-fill-color: #f5f5f5;
  opacity: 0.4;
}

.c0 input:-webkit-autofill,
.c0 input:-webkit-autofill:hover,
.c0 input:-webkit-autofill:focus,
.c0 textarea:-webkit-autofill,
.c0 textarea:-webkit-autofill:hover,
.c0 textarea:-webkit-autofill:focus {
  box-shadow: 0 0 0 1000px #333333 inset;
  -webkit-text-fill-color: #f5f5f5;
}

<div
    class="cds--form-item c0 cds--text-input-wrapper"
  >
    <div
      class="cds--text-input__label-wrapper"
    />
    <div
      class="cds--text-input__field-outer-wrapper"
    >
      <div
        class="cds--text-input__field-wrapper"
      >
        <input
          class="cds--text-input"
          id="filter-description"
          name="description"
          placeholder="Enter description"
          title="Enter description"
          type="text"
        />
        <span
          class="cds--text-input__counter-alert"
          role="alert"
        />
      </div>
    </div>
  </div>
  .c0 {
  margin-top: 0.5rem;
}

.c0 .cds--label {
  color: #c0c0c0;
}

.c0 .cds--select-input {
  background: #333333;
  color: #f5f5f5;
}

.c0 .cds--list-box__label {
  color: #f5f5f5;
}

.c0 svg {
  fill: #f5f5f5;
}

<div
    class="cds--form-item c0"
  >
    <div
      class="cds--select"
    >
      <label
        class="cds--label"
        for="filter-type-select"
      >
        Query Param filter
      </label>
      <div
        class="cds--select-input__wrapper"
      >
        <select
          class="cds--select-input"
          id="filter-type-select"
          name="query_param_filter"
          placeholder="Choose query param filter"
          required=""
          title=""
        >
          <option
            class="cds--select-option"
            value=""
          >
            Choose query param
          </option>
        </select>
        <svg
          aria-hidden="true"
          class="cds--select__arrow"
          fill="currentColor"
          focusable="false"
          height="16"
          preserveAspectRatio="xMidYMid meet"
          viewBox="0 0 16 16"
          width="16"
          xmlns="http://www.w3.org/2000/svg"
        >
          <path
            d="M8 11L3 6 3.7 5.3 8 9.6 12.3 5.3 13 6z"
          />
        </svg>
      </div>
    </div>
  </div>
</DocumentFragment>
`;

exports[`FilterRangeFields renders FilterRangeFields and take a snapshop 1`] = `<DocumentFragment />`;
